Archive member included to satisfy reference by file (symbol)

/home/arduino/ArduinoApps/skyguardian2/.cache/sketch/core/core.a(Stream.cpp.o)
                              /home/arduino/ArduinoApps/skyguardian2/.cache/sketch/sketch/sketch.ino.cpp.o (arduino::Stream::setTimeout(unsigned long))
/home/arduino/ArduinoApps/skyguardian2/.cache/sketch/core/core.a(String.cpp.o)
                              /home/arduino/ArduinoApps/skyguardian2/.cache/sketch/sketch/sketch.ino.cpp.o (arduino::String::String(arduino::String&&))
/home/arduino/ArduinoApps/skyguardian2/.cache/sketch/core/core.a(itoa.cpp.o)
                              /home/arduino/ArduinoApps/skyguardian2/.cache/sketch/core/core.a(String.cpp.o) (dtostrf)
/home/arduino/ArduinoApps/skyguardian2/.cache/sketch/core/core.a(llext_wrappers.c.o)
                              /home/arduino/ArduinoApps/skyguardian2/.cache/sketch/sketch/sketch.ino.cpp.o (memcpy)
/home/arduino/ArduinoApps/skyguardian2/.cache/sketch/core/core.a(main.cpp.o)
                              (main)
/home/arduino/ArduinoApps/skyguardian2/.cache/sketch/core/core.a(new.cpp.o)
                              /home/arduino/ArduinoApps/skyguardian2/.cache/sketch/sketch/sketch.ino.cpp.o (operator new(unsigned int))
/home/arduino/ArduinoApps/skyguardian2/.cache/sketch/core/core.a(threads.cpp.o)
                              /home/arduino/ArduinoApps/skyguardian2/.cache/sketch/core/core.a(main.cpp.o) (start_static_threads())
/home/arduino/ArduinoApps/skyguardian2/.cache/sketch/core/core.a(wiring_analog.cpp.o)
                              /home/arduino/ArduinoApps/skyguardian2/.cache/sketch/sketch/sketch.ino.cpp.o (analogWrite)
/home/arduino/ArduinoApps/skyguardian2/.cache/sketch/core/core.a(wiring_digital.cpp.o)
                              /home/arduino/ArduinoApps/skyguardian2/.cache/sketch/sketch/sketch.ino.cpp.o (pinMode)
/home/arduino/ArduinoApps/skyguardian2/.cache/sketch/core/core.a(zephyrCommon.cpp.o)
                              /home/arduino/ArduinoApps/skyguardian2/.cache/sketch/core/core.a(Stream.cpp.o) (millis)
/home/arduino/ArduinoApps/skyguardian2/.cache/sketch/core/core.a(zephyrPinctrl.cpp.o)
                              /home/arduino/ArduinoApps/skyguardian2/.cache/sketch/core/core.a(wiring_analog.cpp.o) (zephyr::arduino::init_dev_apply_channel_pinctrl(device const*, unsigned int))
/home/arduino/ArduinoApps/skyguardian2/.cache/sketch/core/core.a(zephyrSerial.cpp.o)
                              /home/arduino/ArduinoApps/skyguardian2/.cache/sketch/libraries/Arduino_RouterBridge/singletons.cpp.o (Serial2)
/home/arduino/ArduinoApps/skyguardian2/.cache/sketch/core/core.a(Common.cpp.o)
                              /home/arduino/ArduinoApps/skyguardian2/.cache/sketch/core/core.a(wiring_analog.cpp.o) (map(long, long, long, long, long))
/home/arduino/.arduino15/packages/zephyr/tools/arm-zephyr-eabi/0.16.8/bin/../lib/gcc/arm-zephyr-eabi/12.2.0/../../../../arm-zephyr-eabi/lib/thumb/v8-m.main+fp/hard/libstdc++_nano.a(functexcept.o)
                              /home/arduino/ArduinoApps/skyguardian2/.cache/sketch/sketch/sketch.ino.cpp.o (std::__throw_bad_alloc())
/home/arduino/.arduino15/packages/zephyr/tools/arm-zephyr-eabi/0.16.8/bin/../lib/gcc/arm-zephyr-eabi/12.2.0/../../../../arm-zephyr-eabi/lib/thumb/v8-m.main+fp/hard/libstdc++_nano.a(functional.o)
                              /home/arduino/ArduinoApps/skyguardian2/.cache/sketch/sketch/sketch.ino.cpp.o (std::__throw_bad_function_call())
/home/arduino/.arduino15/packages/zephyr/tools/arm-zephyr-eabi/0.16.8/bin/../lib/gcc/arm-zephyr-eabi/12.2.0/../../../../arm-zephyr-eabi/lib/thumb/v8-m.main+fp/hard/libstdc++_nano.a(eh_exception.o)
                              /home/arduino/.arduino15/packages/zephyr/tools/arm-zephyr-eabi/0.16.8/bin/../lib/gcc/arm-zephyr-eabi/12.2.0/../../../../arm-zephyr-eabi/lib/thumb/v8-m.main+fp/hard/libstdc++_nano.a(functional.o) (std::exception::~exception())
/home/arduino/.arduino15/packages/zephyr/tools/arm-zephyr-eabi/0.16.8/bin/../lib/gcc/arm-zephyr-eabi/12.2.0/../../../../arm-zephyr-eabi/lib/thumb/v8-m.main+fp/hard/libstdc++_nano.a(si_class_type_info.o)
                              /home/arduino/.arduino15/packages/zephyr/tools/arm-zephyr-eabi/0.16.8/bin/../lib/gcc/arm-zephyr-eabi/12.2.0/../../../../arm-zephyr-eabi/lib/thumb/v8-m.main+fp/hard/libstdc++_nano.a(functional.o) (vtable for __cxxabiv1::__si_class_type_info)
/home/arduino/.arduino15/packages/zephyr/tools/arm-zephyr-eabi/0.16.8/bin/../lib/gcc/arm-zephyr-eabi/12.2.0/../../../../arm-zephyr-eabi/lib/thumb/v8-m.main+fp/hard/libstdc++_nano.a(tinfo.o)
                              /home/arduino/.arduino15/packages/zephyr/tools/arm-zephyr-eabi/0.16.8/bin/../lib/gcc/arm-zephyr-eabi/12.2.0/../../../../arm-zephyr-eabi/lib/thumb/v8-m.main+fp/hard/libstdc++_nano.a(si_class_type_info.o) (std::type_info::__is_pointer_p() const)
[...]
Memory Configuration

Name             Origin             Length             Attributes
*default*        0x0000000000000000 0xffffffffffffffff

Linker script and memory map

LOAD /home/arduino/.arduino15/packages/zephyr/tools/arm-zephyr-eabi/0.16.8/bin/../lib/gcc/arm-zephyr-eabi/12.2.0/../../../../arm-zephyr-eabi/lib/thumb/v8-m.main+fp/hard/libstdc++_nano.a
LOAD /home/arduino/.arduino15/packages/zephyr/tools/arm-zephyr-eabi/0.16.8/bin/../lib/gcc/arm-zephyr-eabi/12.2.0/../../../../arm-zephyr-eabi/lib/thumb/v8-m.main+fp/hard/libsupc++_nano.a
LOAD /home/arduino/.arduino15/packages/zephyr/tools/arm-zephyr-eabi/0.16.8/bin/../lib/gcc/arm-zephyr-eabi/12.2.0/../../../../arm-zephyr-eabi/lib/thumb/v8-m.main+fp/hard/libnosys.a
LOAD /home/arduino/ArduinoApps/skyguardian2/.cache/sketch/sketch/sketch.ino.cpp.o
LOAD /home/arduino/ArduinoApps/skyguardian2/.cache/sketch/libraries/Arduino_RouterBridge/singletons.cpp.o
LOAD /home/arduino/ArduinoApps/skyguardian2/.cache/sketch/core/analogReference.cpp.o
LOAD /home/arduino/ArduinoApps/skyguardian2/.cache/sketch/core/tls-syms.S.o
START GROUP
LOAD /home/arduino/ArduinoApps/skyguardian2/.cache/sketch/core/core.a
LOAD /home/arduino/.arduino15/packages/zephyr/tools/arm-zephyr-eabi/0.16.8/bin/../lib/gcc/arm-zephyr-eabi/12.2.0/../../../../arm-zephyr-eabi/lib/thumb/v8-m.main+fp/hard/libstdc++_nano.a
LOAD /home/arduino/.arduino15/packages/zephyr/tools/arm-zephyr-eabi/0.16.8/bin/../lib/gcc/arm-zephyr-eabi/12.2.0/../../../../arm-zephyr-eabi/lib/thumb/v8-m.main+fp/hard/libsupc++_nano.a
LOAD /home/arduino/.arduino15/packages/zephyr/tools/arm-zephyr-eabi/0.16.8/bin/../lib/gcc/arm-zephyr-eabi/12.2.0/../../../../arm-zephyr-eabi/lib/thumb/v8-m.main+fp/hard/libm_nano.a
END GROUP

.rodata         0x0000000000000000      0x5c4
 *(.rodata._ZN12_GLOBAL__N_1L11arduino_pwmE)
 .rodata._ZN12_GLOBAL__N_1L11arduino_pwmE
                0x0000000000000000      0x100 /home/arduino/ArduinoApps/skyguardian2/.cache/sketch/core/core.a(wiring_analog.cpp.o)
 *(.rodata._ZN6zephyr7arduinoL11pinctrl_mapE)
 .rodata._ZN6zephyr7arduinoL11pinctrl_mapE
                0x0000000000000100       0x88 /home/arduino/ArduinoApps/skyguardian2/.cache/sketch/core/core.a(zephyrPinctrl.cpp.o)
 *(.rodata._ZN6zephyr7arduinoL12arduino_pinsE)
 .rodata._ZN6zephyr7arduinoL12arduino_pinsE
                0x0000000000000188      0x230 /home/arduino/ArduinoApps/skyguardian2/.cache/sketch/core/core.a(wiring_digital.cpp.o)
 *(.rodata._ZN6zephyr7arduinoL35__pinctrl_states__device_dts_ord_17E)
 .rodata._ZN6zephyr7arduinoL35__pinctrl_states__device_dts_ord_17E
                0x00000000000003b8       0x18 /home/arduino/ArduinoApps/skyguardian2/.cache/sketch/core/core.a(zephyrPinctrl.cpp.o)
 *(.rodata._ZN6zephyr7arduinoL35__pinctrl_states__device_dts_ord_25E)
 .rodata._ZN6zephyr7arduinoL35__pinctrl_states__device_dts_ord_25E
                0x00000000000003d0        0x8 /home/arduino/ArduinoApps/skyguardian2/.cache/sketch/core/core.a(zephyrPinctrl.cpp.o)
 *(.rodata._ZN6zephyr7arduinoL35__pinctrl_states__device_dts_ord_29E)
 .rodata._ZN6zephyr7arduinoL35__pinctrl_states__device_dts_ord_29E
                0x00000000000003d8        0x8 /home/arduino/ArduinoApps/skyguardian2/.cache/sketch/core/core.a(zephyrPinctrl.cpp.o)
 *(.rodata._ZN6zephyr7arduinoL35__pinctrl_states__device_dts_ord_35E)
 .rodata._ZN6zephyr7arduinoL35__pinctrl_states__device_dts_ord_35E
                0x00000000000003e0       0x10 /home/arduino/ArduinoApps/skyguardian2/.cache/sketch/core/core.a(zephyrPinctrl.cpp.o)
 *(.rodata._ZN6zephyr7arduinoL35__pinctrl_states__device_dts_ord_55E)
 .rodata._ZN6zephyr7arduinoL35__pinctrl_states__device_dts_ord_55E
                0x00000000000003f0        0x8 /home/arduino/ArduinoApps/skyguardian2/.cache/sketch/core/core.a(zephyrPinctrl.cpp.o)
 *(.rodata._ZN6zephyr7arduinoL35__pinctrl_states__device_dts_ord_64E)
 .rodata._ZN6zephyr7arduinoL35__pinctrl_states__device_dts_ord_64E
                0x00000000000003f8        0x8 /home/arduino/ArduinoApps/skyguardian2/.cache/sketch/core/core.a(zephyrPinctrl.cpp.o)
 *(.rodata._ZN6zephyr7arduinoL35__pinctrl_states__device_dts_ord_67E)
 .rodata._ZN6zephyr7arduinoL35__pinctrl_states__device_dts_ord_67E
                0x0000000000000400        0x8 /home/arduino/ArduinoApps/skyguardian2/.cache/sketch/core/core.a(zephyrPinctrl.cpp.o)
 *(.rodata._ZN6zephyr7arduinoL35__pinctrl_states__device_dts_ord_72E)
 .rodata._ZN6zephyr7arduinoL35__pinctrl_states__device_dts_ord_72E
                0x0000000000000408        0x8 /home/arduino/ArduinoApps/skyguardian2/.cache/sketch/core/core.a(zephyrPinctrl.cpp.o)
 *(.rodata._ZN6zephyr7arduinoL35__pinctrl_states__device_dts_ord_80E)
 .rodata._ZN6zephyr7arduinoL35__pinctrl_states__device_dts_ord_80E
                0x0000000000000410       0x10 /home/arduino/ArduinoApps/skyguardian2/.cache/sketch/core/core.a(zephyrPinctrl.cpp.o)
 *(.rodata._ZN6zephyr7arduinoL35__pinctrl_states__device_dts_ord_85E)
 .rodata._ZN6zephyr7arduinoL35__pinctrl_states__device_dts_ord_85E
                0x0000000000000420        0x8 /home/arduino/ArduinoApps/skyguardian2/.cache/sketch/core/core.a(zephyrPinctrl.cpp.o)
 *(.rodata._ZN6zephyr7arduinoL35__pinctrl_states__device_dts_ord_97E)
 .rodata._ZN6zephyr7arduinoL35__pinctrl_states__device_dts_ord_97E
                0x0000000000000428       0x18 /home/arduino/ArduinoApps/skyguardian2/.cache/sketch/core/core.a(zephyrPinctrl.cpp.o)
 *(.rodata._ZN6zephyr7arduinoL36__pinctrl_states__device_dts_ord_102E)
 .rodata._ZN6zephyr7arduinoL36__pinctrl_states__device_dts_ord_102E
                0x0000000000000440       0x18 /home/arduino/ArduinoApps/skyguardian2/.cache/sketch/core/core.a(zephyrPinctrl.cpp.o)
 *(.rodata._ZN6zephyr7arduinoL36__pinctrl_states__device_dts_ord_106E)
 .rodata._ZN6zephyr7arduinoL36__pinctrl_states__device_dts_ord_106E
                0x0000000000000458       0x18 /home/arduino/ArduinoApps/skyguardian2/.cache/sketch/core/core.a(zephyrPinctrl.cpp.o)
 *(.rodata._ZN6zephyr7arduinoL36__pinctrl_states__device_dts_ord_111E)
 .rodata._ZN6zephyr7arduinoL36__pinctrl_states__device_dts_ord_111E
                0x0000000000000470       0x18 /home/arduino/ArduinoApps/skyguardian2/.cache/sketch/core/core.a(zephyrPinctrl.cpp.o)
 *(.rodata._ZN6zephyr7arduinoL36__pinctrl_states__device_dts_ord_117E)
 .rodata._ZN6zephyr7arduinoL36__pinctrl_states__device_dts_ord_117E
                0x0000000000000488       0x18 /home/arduino/ArduinoApps/skyguardian2/.cache/sketch/core/core.a(zephyrPinctrl.cpp.o)
 *(.rodata._ZN6zephyr7arduinoL36__pinctrl_states__device_dts_ord_120E)
 .rodata._ZN6zephyr7arduinoL36__pinctrl_states__device_dts_ord_120E
                0x00000000000004a0       0x18 /home/arduino/ArduinoApps/skyguardian2/.cache/sketch/core/core.a(zephyrPinctrl.cpp.o)
 *(.rodata._ZN6zephyr7arduinoL39__pinctrl_dev_config__device_dts_ord_17E)
 .rodata._ZN6zephyr7arduinoL39__pinctrl_dev_config__device_dts_ord_17E
                0x00000000000004b8        0x8 /home/arduino/ArduinoApps/skyguardian2/.cache/sketch/core/core.a(zephyrPinctrl.cpp.o)
 *(.rodata._ZN6zephyr7arduinoL39__pinctrl_dev_config__device_dts_ord_25E)
 .rodata._ZN6zephyr7arduinoL39__pinctrl_dev_config__device_dts_ord_25E
                0x00000000000004c0        0x8 /home/arduino/ArduinoApps/skyguardian2/.cache/sketch/core/core.a(zephyrPinctrl.cpp.o)
 *(.rodata._ZN6zephyr7arduinoL39__pinctrl_dev_config__device_dts_ord_29E)
 .rodata._ZN6zephyr7arduinoL39__pinctrl_dev_config__device_dts_ord_29E
                0x00000000000004c8        0x8 /home/arduino/ArduinoApps/skyguardian2/.cache/sketch/core/core.a(zephyrPinctrl.cpp.o)
 *(.rodata._ZN6zephyr7arduinoL39__pinctrl_dev_config__device_dts_ord_35E)
 .rodata._ZN6zephyr7arduinoL39__pinctrl_dev_config__device_dts_ord_35E
                0x00000000000004d0        0x8 /home/arduino/ArduinoApps/skyguardian2/.cache/sketch/core/core.a(zephyrPinctrl.cpp.o)
 *(.rodata._ZN6zephyr7arduinoL39__pinctrl_dev_config__device_dts_ord_55E)
 .rodata._ZN6zephyr7arduinoL39__pinctrl_dev_config__device_dts_ord_55E
                0x00000000000004d8        0x8 /home/arduino/ArduinoApps/skyguardian2/.cache/sketch/core/core.a(zephyrPinctrl.cpp.o)
 *(.rodata._ZN6zephyr7arduinoL39__pinctrl_dev_config__device_dts_ord_64E)
 .rodata._ZN6zephyr7arduinoL39__pinctrl_dev_config__device_dts_ord_64E
                0x00000000000004e0        0x8 /home/arduino/ArduinoApps/skyguardian2/.cache/sketch/core/core.a(zephyrPinctrl.cpp.o)
 *(.rodata._ZN6zephyr7arduinoL39__pinctrl_dev_config__device_dts_ord_67E)
 .rodata._ZN6zephyr7arduinoL39__pinctrl_dev_config__device_dts_ord_67E
                0x00000000000004e8        0x8 /home/arduino/ArduinoApps/skyguardian2/.cache/sketch/core/core.a(zephyrPinctrl.cpp.o)
 *(.rodata._ZN6zephyr7arduinoL39__pinctrl_dev_config__device_dts_ord_72E)
 .rodata._ZN6zephyr7arduinoL39__pinctrl_dev_config__device_dts_ord_72E
                0x00000000000004f0        0x8 /home/arduino/ArduinoApps/skyguardian2/.cache/sketch/core/core.a(zephyrPinctrl.cpp.o)
 *(.rodata._ZN6zephyr7arduinoL39__pinctrl_dev_config__device_dts_ord_80E)
 .rodata._ZN6zephyr7arduinoL39__pinctrl_dev_config__device_dts_ord_80E
                0x00000000000004f8        0x8 /home/arduino/ArduinoApps/skyguardian2/.cache/sketch/core/core.a(zephyrPinctrl.cpp.o)
 *(.rodata._ZN6zephyr7arduinoL39__pinctrl_dev_config__device_dts_ord_85E)
 .rodata._ZN6zephyr7arduinoL39__pinctrl_dev_config__device_dts_ord_85E
                0x0000000000000500        0x8 /home/arduino/ArduinoApps/skyguardian2/.cache/sketch/core/core.a(zephyrPinctrl.cpp.o)
 *(.rodata._ZN6zephyr7arduinoL39__pinctrl_dev_config__device_dts_ord_97E)
 .rodata._ZN6zephyr7arduinoL39__pinctrl_dev_config__device_dts_ord_97E
                0x0000000000000508        0x8 /home/arduino/ArduinoApps/skyguardian2/.cache/sketch/core/core.a(zephyrPinctrl.cpp.o)
 *(.rodata._ZN6zephyr7arduinoL40__pinctrl_dev_config__device_dts_ord_102E)
 .rodata._ZN6zephyr7arduinoL40__pinctrl_dev_config__device_dts_ord_102E
                0x0000000000000510        0x8 /home/arduino/ArduinoApps/skyguardian2/.cache/sketch/core/core.a(zephyrPinctrl.cpp.o)
 *(.rodata._ZN6zephyr7arduinoL40__pinctrl_dev_config__device_dts_ord_106E)
 .rodata._ZN6zephyr7arduinoL40__pinctrl_dev_config__device_dts_ord_106E
                0x0000000000000518        0x8 /home/arduino/ArduinoApps/skyguardian2/.cache/sketch/core/core.a(zephyrPinctrl.cpp.o)
 *(.rodata._ZN6zephyr7arduinoL40__pinctrl_dev_config__device_dts_ord_111E)
 .rodata._ZN6zephyr7arduinoL40__pinctrl_dev_config__device_dts_ord_111E
                0x0000000000000520        0x8 /home/arduino/ArduinoApps/skyguardian2/.cache/sketch/core/core.a(zephyrPinctrl.cpp.o)
 *(.rodata._ZN6zephyr7arduinoL40__pinctrl_dev_config__device_dts_ord_117E)
 .rodata._ZN6zephyr7arduinoL40__pinctrl_dev_config__device_dts_ord_117E
                0x0000000000000528        0x8 /home/arduino/ArduinoApps/skyguardian2/.cache/sketch/core/core.a(zephyrPinctrl.cpp.o)
 *(.rodata._ZN6zephyr7arduinoL40__pinctrl_dev_config__device_dts_ord_120E)
 .rodata._ZN6zephyr7arduinoL40__pinctrl_dev_config__device_dts_ord_120E
                0x0000000000000530        0x8 /home/arduino/ArduinoApps/skyguardian2/.cache/sketch/core/core.a(zephyrPinctrl.cpp.o)
 *(.rodata._ZTV13BridgeMonitorILj512EE)
 .rodata._ZTV13BridgeMonitorILj512EE
                0x0000000000000538       0x24 /home/arduino/ArduinoApps/skyguardian2/.cache/sketch/libraries/Arduino_RouterBridge/singletons.cpp.o
                0x0000000000000538                vtable for BridgeMonitor<512u>
 *(.rodata._ZTV15SerialTransport)
 .rodata._ZTV15SerialTransport
                0x000000000000055c       0x20 /home/arduino/ArduinoApps/skyguardian2/.cache/sketch/sketch/sketch.ino.cpp.o
                0x000000000000055c                vtable for SerialTransport
 *(.rodata._ZTV18RpcFunctionWrapperISt8functionIFviiiEEE)
 .rodata._ZTV18RpcFunctionWrapperISt8functionIFviiiEEE
                0x000000000000057c       0x14 /home/arduino/ArduinoApps/skyguardian2/.cache/sketch/sketch/sketch.ino.cpp.o
                0x000000000000057c                vtable for RpcFunctionWrapper<std::function<void (int, int, int)> >
 *(.rodata._ZTVN7arduino12ZephyrSerialE)
 .rodata._ZTVN7arduino12ZephyrSerialE
                0x0000000000000590       0x34 /home/arduino/ArduinoApps/skyguardian2/.cache/sketch/core/core.a(zephyrSerial.cpp.o)
                0x0000000000000590                vtable for arduino::ZephyrSerial

.llext.rodata.noreloc
                0x00000000000005c4      0x4fd
 *(.rodata._ZN10RpcDecoderILj1024EE12get_responseIN7arduino7msgpack6object5nil_tEEEbjRT_R8RpcError.str1.1)
 .rodata._ZN10RpcDecoderILj1024EE12get_responseIN7arduino7msgpack6object5nil_tEEEbjRT_R8RpcError.str1.1
                0x00000000000005c4       0x7b /home/arduino/ArduinoApps/skyguardian2/.cache/sketch/libraries/Arduino_RouterBridge/singletons.cpp.o
 *(.rodata._ZN10RpcDecoderILj1024EE12get_responseIbEEbjRT_R8RpcError.str1.1)
 .rodata._ZN10RpcDecoderILj1024EE12get_responseIbEEbjRT_R8RpcError.str1.1
                0x000000000000063f       0x7b /home/arduino/ArduinoApps/skyguardian2/.cache/sketch/sketch/sketch.ino.cpp.o
 *(.rodata._ZN11BridgeClass11update_safeEv.str1.1)
 .rodata._ZN11BridgeClass11update_safeEv.str1.1
                0x00000000000006ba        0x9 /home/arduino/ArduinoApps/skyguardian2/.cache/sketch/sketch/sketch.ino.cpp.o
 *(.rodata._ZN12_GLOBAL__N_1L16arduino_pwm_pinsE)
 .rodata._ZN12_GLOBAL__N_1L16arduino_pwm_pinsE
                0x00000000000006c3       0x10 /home/arduino/ArduinoApps/skyguardian2/.cache/sketch/core/core.a(wiring_analog.cpp.o)
 *(.rodata._ZN13BridgeMonitorILj512EE5_readEj.str1.1)
 .rodata._ZN13BridgeMonitorILj512EE5_readEj.str1.1
                0x00000000000006d3        0x9 /home/arduino/ArduinoApps/skyguardian2/.cache/sketch/libraries/Arduino_RouterBridge/singletons.cpp.o
 *(.rodata._ZN13BridgeMonitorILj512EE5writeEPKhj.str1.1)
 .rodata._ZN13BridgeMonitorILj512EE5writeEPKhj.str1.1
                0x00000000000006dc        0xa /home/arduino/ArduinoApps/skyguardian2/.cache/sketch/libraries/Arduino_RouterBridge/singletons.cpp.o
 *(.rodata._ZN13BridgeMonitorILj512EEcvbEv.str1.1)
 .rodata._ZN13BridgeMonitorILj512EEcvbEv.str1.1
                0x00000000000006e6       0x4d /home/arduino/ArduinoApps/skyguardian2/.cache/sketch/libraries/Arduino_RouterBridge/singletons.cpp.o
 *(.rodata._ZN18RpcFunctionWrapperISt8functionIFviiiEEEclERN7arduino7msgpack8UnpackerERNS5_6PackerE.str1.1)
 .rodata._ZN18RpcFunctionWrapperISt8functionIFviiiEEEclERN7arduino7msgpack8UnpackerERNS5_6PackerE.str1.1
                0x0000000000000733       0xa6 /home/arduino/ArduinoApps/skyguardian2/.cache/sketch/sketch/sketch.ino.cpp.o
 *(.rodata._ZN6zephyr7arduinoL41__pinctrl_state_pins_0__device_dts_ord_17E)
 *fill*         0x00000000000007d9        0x3 
 .rodata._ZN6zephyr7arduinoL41__pinctrl_state_pins_0__device_dts_ord_17E
                0x00000000000007dc        0x0 /home/arduino/ArduinoApps/skyguardian2/.cache/sketch/core/core.a(zephyrPinctrl.cpp.o)
 *(.rodata._ZN6zephyr7arduinoL41__pinctrl_state_pins_0__device_dts_ord_25E)
 .rodata._ZN6zephyr7arduinoL41__pinctrl_state_pins_0__device_dts_ord_25E
                0x00000000000007dc       0x10 /home/arduino/ArduinoApps/skyguardian2/.cache/sketch/core/core.a(zephyrPinctrl.cpp.o)
 *(.rodata._ZN6zephyr7arduinoL41__pinctrl_state_pins_0__device_dts_ord_29E)
 .rodata._ZN6zephyr7arduinoL41__pinctrl_state_pins_0__device_dts_ord_29E
                0x00000000000007ec       0x10 /home/arduino/ArduinoApps/skyguardian2/.cache/sketch/core/core.a(zephyrPinctrl.cpp.o)
 *(.rodata._ZN6zephyr7arduinoL41__pinctrl_state_pins_0__device_dts_ord_35E)
 .rodata._ZN6zephyr7arduinoL41__pinctrl_state_pins_0__device_dts_ord_35E
                0x00000000000007fc       0x10 /home/arduino/ArduinoApps/skyguardian2/.cache/sketch/core/core.a(zephyrPinctrl.cpp.o)
 *(.rodata._ZN6zephyr7arduinoL41__pinctrl_state_pins_0__device_dts_ord_55E)
 .rodata._ZN6zephyr7arduinoL41__pinctrl_state_pins_0__device_dts_ord_55E
                0x000000000000080c       0x10 /home/arduino/ArduinoApps/skyguardian2/.cache/sketch/core/core.a(zephyrPinctrl.cpp.o)
 *(.rodata._ZN6zephyr7arduinoL41__pinctrl_state_pins_0__device_dts_ord_64E)
 .rodata._ZN6zephyr7arduinoL41__pinctrl_state_pins_0__device_dts_ord_64E
                0x000000000000081c       0x10 /home/arduino/ArduinoApps/skyguardian2/.cache/sketch/core/core.a(zephyrPinctrl.cpp.o)
 *(.rodata._ZN6zephyr7arduinoL41__pinctrl_state_pins_0__device_dts_ord_67E)
 .rodata._ZN6zephyr7arduinoL41__pinctrl_state_pins_0__device_dts_ord_67E
                0x000000000000082c       0x10 /home/arduino/ArduinoApps/skyguardian2/.cache/sketch/core/core.a(zephyrPinctrl.cpp.o)
 *(.rodata._ZN6zephyr7arduinoL41__pinctrl_state_pins_0__device_dts_ord_72E)
 .rodata._ZN6zephyr7arduinoL41__pinctrl_state_pins_0__device_dts_ord_72E
                0x000000000000083c       0x20 /home/arduino/ArduinoApps/skyguardian2/.cache/sketch/core/core.a(zephyrPinctrl.cpp.o)
 *(.rodata._ZN6zephyr7arduinoL41__pinctrl_state_pins_0__device_dts_ord_80E)
 .rodata._ZN6zephyr7arduinoL41__pinctrl_state_pins_0__device_dts_ord_80E
                0x000000000000085c       0x20 /home/arduino/ArduinoApps/skyguardian2/.cache/sketch/core/core.a(zephyrPinctrl.cpp.o)
 *(.rodata._ZN6zephyr7arduinoL41__pinctrl_state_pins_0__device_dts_ord_85E)
 .rodata._ZN6zephyr7arduinoL41__pinctrl_state_pins_0__device_dts_ord_85E
                0x000000000000087c       0x20 /home/arduino/ArduinoApps/skyguardian2/.cache/sketch/core/core.a(zephyrPinctrl.cpp.o)
 *(.rodata._ZN6zephyr7arduinoL41__pinctrl_state_pins_0__device_dts_ord_97E)
 .rodata._ZN6zephyr7arduinoL41__pinctrl_state_pins_0__device_dts_ord_97E
                0x000000000000089c        0x0 /home/arduino/ArduinoApps/skyguardian2/.cache/sketch/core/core.a(zephyrPinctrl.cpp.o)
 *(.rodata._ZN6zephyr7arduinoL41__pinctrl_state_pins_1__device_dts_ord_17E)
 .rodata._ZN6zephyr7arduinoL41__pinctrl_state_pins_1__device_dts_ord_17E
                0x000000000000089c        0x0 /home/arduino/ArduinoApps/skyguardian2/.cache/sketch/core/core.a(zephyrPinctrl.cpp.o)
 *(.rodata._ZN6zephyr7arduinoL41__pinctrl_state_pins_1__device_dts_ord_35E)
 .rodata._ZN6zephyr7arduinoL41__pinctrl_state_pins_1__device_dts_ord_35E
                0x000000000000089c       0x10 /home/arduino/ArduinoApps/skyguardian2/.cache/sketch/core/core.a(zephyrPinctrl.cpp.o)
 *(.rodata._ZN6zephyr7arduinoL41__pinctrl_state_pins_1__device_dts_ord_80E)
 .rodata._ZN6zephyr7arduinoL41__pinctrl_state_pins_1__device_dts_ord_80E
                0x00000000000008ac       0x18 /home/arduino/ArduinoApps/skyguardian2/.cache/sketch/core/core.a(zephyrPinctrl.cpp.o)
 *(.rodata._ZN6zephyr7arduinoL41__pinctrl_state_pins_1__device_dts_ord_97E)
 .rodata._ZN6zephyr7arduinoL41__pinctrl_state_pins_1__device_dts_ord_97E
                0x00000000000008c4        0x0 /home/arduino/ArduinoApps/skyguardian2/.cache/sketch/core/core.a(zephyrPinctrl.cpp.o)
 *(.rodata._ZN6zephyr7arduinoL41__pinctrl_state_pins_2__device_dts_ord_17E)
 .rodata._ZN6zephyr7arduinoL41__pinctrl_state_pins_2__device_dts_ord_17E
                0x00000000000008c4       0x30 /home/arduino/ArduinoApps/skyguardian2/.cache/sketch/core/core.a(zephyrPinctrl.cpp.o)
 *(.rodata._ZN6zephyr7arduinoL41__pinctrl_state_pins_2__device_dts_ord_97E)
 .rodata._ZN6zephyr7arduinoL41__pinctrl_state_pins_2__device_dts_ord_97E
                0x00000000000008f4       0x18 /home/arduino/ArduinoApps/skyguardian2/.cache/sketch/core/core.a(zephyrPinctrl.cpp.o)
 *(.rodata._ZN6zephyr7arduinoL42__pinctrl_state_pins_0__device_dts_ord_102E)
 .rodata._ZN6zephyr7arduinoL42__pinctrl_state_pins_0__device_dts_ord_102E
                0x000000000000090c        0x0 /home/arduino/ArduinoApps/skyguardian2/.cache/sketch/core/core.a(zephyrPinctrl.cpp.o)
 *(.rodata._ZN6zephyr7arduinoL42__pinctrl_state_pins_0__device_dts_ord_106E)
 .rodata._ZN6zephyr7arduinoL42__pinctrl_state_pins_0__device_dts_ord_106E
                0x000000000000090c        0x0 /home/arduino/ArduinoApps/skyguardian2/.cache/sketch/core/core.a(zephyrPinctrl.cpp.o)
 *(.rodata._ZN6zephyr7arduinoL42__pinctrl_state_pins_0__device_dts_ord_111E)
 .rodata._ZN6zephyr7arduinoL42__pinctrl_state_pins_0__device_dts_ord_111E
                0x000000000000090c        0x0 /home/arduino/ArduinoApps/skyguardian2/.cache/sketch/core/core.a(zephyrPinctrl.cpp.o)
 *(.rodata._ZN6zephyr7arduinoL42__pinctrl_state_pins_0__device_dts_ord_117E)
 .rodata._ZN6zephyr7arduinoL42__pinctrl_state_pins_0__device_dts_ord_117E
                0x000000000000090c        0x0 /home/arduino/ArduinoApps/skyguardian2/.cache/sketch/core/core.a(zephyrPinctrl.cpp.o)
 *(.rodata._ZN6zephyr7arduinoL42__pinctrl_state_pins_0__device_dts_ord_120E)
 .rodata._ZN6zephyr7arduinoL42__pinctrl_state_pins_0__device_dts_ord_120E
                0x000000000000090c        0x0 /home/arduino/ArduinoApps/skyguardian2/.cache/sketch/core/core.a(zephyrPinctrl.cpp.o)
 *(.rodata._ZN6zephyr7arduinoL42__pinctrl_state_pins_1__device_dts_ord_102E)
 .rodata._ZN6zephyr7arduinoL42__pinctrl_state_pins_1__device_dts_ord_102E
                0x000000000000090c        0x0 /home/arduino/ArduinoApps/skyguardian2/.cache/sketch/core/core.a(zephyrPinctrl.cpp.o)
 *(.rodata._ZN6zephyr7arduinoL42__pinctrl_state_pins_1__device_dts_ord_106E)
 .rodata._ZN6zephyr7arduinoL42__pinctrl_state_pins_1__device_dts_ord_106E
                0x000000000000090c        0x0 /home/arduino/ArduinoApps/skyguardian2/.cache/sketch/core/core.a(zephyrPinctrl.cpp.o)
 *(.rodata._ZN6zephyr7arduinoL42__pinctrl_state_pins_1__device_dts_ord_111E)
 .rodata._ZN6zephyr7arduinoL42__pinctrl_state_pins_1__device_dts_ord_111E
                0x000000000000090c        0x0 /home/arduino/ArduinoApps/skyguardian2/.cache/sketch/core/core.a(zephyrPinctrl.cpp.o)
 *(.rodata._ZN6zephyr7arduinoL42__pinctrl_state_pins_1__device_dts_ord_117E)
 .rodata._ZN6zephyr7arduinoL42__pinctrl_state_pins_1__device_dts_ord_117E
                0x000000000000090c        0x0 /home/arduino/ArduinoApps/skyguardian2/.cache/sketch/core/core.a(zephyrPinctrl.cpp.o)
 *(.rodata._ZN6zephyr7arduinoL42__pinctrl_state_pins_1__device_dts_ord_120E)
 .rodata._ZN6zephyr7arduinoL42__pinctrl_state_pins_1__device_dts_ord_120E
                0x000000000000090c        0x0 /home/arduino/ArduinoApps/skyguardian2/.cache/sketch/core/core.a(zephyrPinctrl.cpp.o)
 *(.rodata._ZN6zephyr7arduinoL42__pinctrl_state_pins_2__device_dts_ord_102E)
 .rodata._ZN6zephyr7arduinoL42__pinctrl_state_pins_2__device_dts_ord_102E
                0x000000000000090c       0x18 /home/arduino/ArduinoApps/skyguardian2/.cache/sketch/core/core.a(zephyrPinctrl.cpp.o)
 *(.rodata._ZN6zephyr7arduinoL42__pinctrl_state_pins_2__device_dts_ord_106E)
 .rodata._ZN6zephyr7arduinoL42__pinctrl_state_pins_2__device_dts_ord_106E
                0x0000000000000924       0x10 /home/arduino/ArduinoApps/skyguardian2/.cache/sketch/core/core.a(zephyrPinctrl.cpp.o)
 *(.rodata._ZN6zephyr7arduinoL42__pinctrl_state_pins_2__device_dts_ord_111E)
 .rodata._ZN6zephyr7arduinoL42__pinctrl_state_pins_2__device_dts_ord_111E
                0x0000000000000934       0x18 /home/arduino/ArduinoApps/skyguardian2/.cache/sketch/core/core.a(zephyrPinctrl.cpp.o)
 *(.rodata._ZN6zephyr7arduinoL42__pinctrl_state_pins_2__device_dts_ord_117E)
 .rodata._ZN6zephyr7arduinoL42__pinctrl_state_pins_2__device_dts_ord_117E
                0x000000000000094c       0x20 /home/arduino/ArduinoApps/skyguardian2/.cache/sketch/core/core.a(zephyrPinctrl.cpp.o)
 *(.rodata._ZN6zephyr7arduinoL42__pinctrl_state_pins_2__device_dts_ord_120E)
 .rodata._ZN6zephyr7arduinoL42__pinctrl_state_pins_2__device_dts_ord_120E
                0x000000000000096c        0x8 /home/arduino/ArduinoApps/skyguardian2/.cache/sketch/core/core.a(zephyrPinctrl.cpp.o)
 *(.rodata._ZN7RpcCallIJEE6resultIbEEbRT_.str1.1)
 .rodata._ZN7RpcCallIJEE6resultIbEEbRT_.str1.1
                0x0000000000000974       0x21 /home/arduino/ArduinoApps/skyguardian2/.cache/sketch/sketch/sketch.ino.cpp.o
 *(.rodata._ZN7arduino7msgpack6object3extC2EaPKhj.str1.1)
 .rodata._ZN7arduino7msgpack6object3extC2EaPKhj.str1.1
                0x0000000000000995       0x28 /home/arduino/ArduinoApps/skyguardian2/.cache/sketch/sketch/sketch.ino.cpp.o
 *(.rodata._ZN8RpcErrorC2Ev.str1.1)
 .rodata._ZN8RpcErrorC2Ev.str1.1
                0x00000000000009bd        0x1 /home/arduino/ArduinoApps/skyguardian2/.cache/sketch/sketch/sketch.ino.cpp.o
 .rodata._ZN8RpcErrorC2Ev.str1.1
                0x00000000000009be        0x1 /home/arduino/ArduinoApps/skyguardian2/.cache/sketch/libraries/Arduino_RouterBridge/singletons.cpp.o
 *(.rodata._ZNSt6vectorIjSaIjEE17_M_realloc_insertIJRjEEEvN9__gnu_cxx17__normal_iteratorIPjS1_EEDpOT_.str1.1)
 .rodata._ZNSt6vectorIjSaIjEE17_M_realloc_insertIJRjEEEvN9__gnu_cxx17__normal_iteratorIPjS1_EEDpOT_.str1.1
                0x00000000000009bf       0x1a /home/arduino/ArduinoApps/skyguardian2/.cache/sketch/sketch/sketch.ino.cpp.o
 .rodata._ZNSt6vectorIjSaIjEE17_M_realloc_insertIJRjEEEvN9__gnu_cxx17__normal_iteratorIPjS1_EEDpOT_.str1.1
                0x00000000000009d9       0x1a /home/arduino/ArduinoApps/skyguardian2/.cache/sketch/libraries/Arduino_RouterBridge/singletons.cpp.o
 *(.rodata.setup.str1.1)
 .rodata.setup.str1.1
                0x00000000000009f3       0x7d /home/arduino/ArduinoApps/skyguardian2/.cache/sketch/sketch/sketch.ino.cpp.o
 *(.rodata.str1.1)
 .rodata.str1.1
                0x0000000000000a70       0x51 /home/arduino/ArduinoApps/skyguardian2/.cache/sketch/core/core.a(main.cpp.o)

.rel.rodata
 *(.rel.rodata)
 *(.rel.rodata.*)

.rela.rodata
 *(.rela.rodata)
 *(.rela.rodata.*)

/DISCARD/
 *(.ARM.attributes)
 *(.ARM.attributes.*)
 *(.ARM.exidx)
 *(.ARM.exidx.*)
 *(.ARM.extidx)
 *(.ARM.extidx.*)
 *(.ARM.extab)
 *(.ARM.extab.*)
 *(.comment)
 *(.comment.*)
 *(.llvmbc)
 *(.llvmcmd)
 *(.eh_frame)
 *stdexcept.o()
 *eh_*.o()
 *cow-stdexcept.o()
 *cow-string-inst.o()

.text           0x0000000000000000     0x5da2
 *(.text)
 *(.stub)
 *(.text*)
 .text._ZN15SerialTransport9availableEv
                0x0000000000000000       0x12 /home/arduino/ArduinoApps/skyguardian2/.cache/sketch/sketch/sketch.ino.cpp.o
                0x0000000000000000                SerialTransport::available()
 .text._ZN15SerialTransport5writeEPKhj
                0x0000000000000012       0x10 /home/arduino/ArduinoApps/skyguardian2/.cache/sketch/sketch/sketch.ino.cpp.o
                0x0000000000000012                SerialTransport::write(unsigned char const*, unsigned int)
 .text._ZN15SerialTransportD2Ev
                0x0000000000000022        0x2 /home/arduino/ArduinoApps/skyguardian2/.cache/sketch/sketch/sketch.ino.cpp.o
                0x0000000000000022                SerialTransport::~SerialTransport()
                0x0000000000000022                SerialTransport::~SerialTransport()
 .text.k_yield  0x0000000000000024        0x8 /home/arduino/ArduinoApps/skyguardian2/.cache/sketch/sketch/sketch.ino.cpp.o
 .text.k_mutex_lock
                0x000000000000002c        0x8 /home/arduino/ArduinoApps/skyguardian2/.cache/sketch/sketch/sketch.ino.cpp.o
 .text.__tcf_0  0x0000000000000034       0x10 /home/arduino/ArduinoApps/skyguardian2/.cache/sketch/sketch/sketch.ino.cpp.o
 .text._ZN15SerialTransport4readEPhj
                0x0000000000000044       0x28 /home/arduino/ArduinoApps/skyguardian2/.cache/sketch/sketch/sketch.ino.cpp.o
                0x0000000000000044                SerialTransport::read(unsigned char*, unsigned int)
 .text._ZN15SerialTransport9read_byteERh
                0x000000000000006c       0x20 /home/arduino/ArduinoApps/skyguardian2/.cache/sketch/sketch/sketch.ino.cpp.o
                0x000000000000006c                SerialTransport::read_byte(unsigned char&)
 .text._ZN15SerialTransportD0Ev
                0x000000000000008c       0x14 /home/arduino/ArduinoApps/skyguardian2/.cache/sketch/sketch/sketch.ino.cpp.o
                0x000000000000008c                SerialTransport::~SerialTransport()
 .text._Z14set_led3_coloriii
                0x00000000000000a0       0x24 /home/arduino/ArduinoApps/skyguardian2/.cache/sketch/sketch/sketch.ino.cpp.o
                0x00000000000000a0                set_led3_color(int, int, int)
 .text._ZNSt17_Function_handlerIFviiiEPS0_E10_M_managerERSt9_Any_dataRKS3_St18_Manager_operation
                0x00000000000000c4       0x30 /home/arduino/ArduinoApps/skyguardian2/.cache/sketch/sketch/sketch.ino.cpp.o
                0x00000000000000c4                std::_Function_handler<void (int, int, int), void (*)(int, int, int)>::_M_manager(std::_Any_data&, std::_Any_data const&, std::_Manager_operation)
 .text._ZNSt17_Function_handlerIFviiiEPS0_E9_M_invokeERKSt9_Any_dataOiS6_S6_
                0x00000000000000f4       0x14 /home/arduino/ArduinoApps/skyguardian2/.cache/sketch/sketch/sketch.ino.cpp.o
                0x00000000000000f4                std::_Function_handler<void (int, int, int), void (*)(int, int, int)>::_M_invoke(std::_Any_data const&, int&&, int&&, int&&)
 .text._ZSt14__relocate_a_1IhhENSt9enable_ifIXsrSt24__is_bitwise_relocatableIT_vE5valueEPS2_E4typeES4_S4_S4_RSaIT0_E.isra.0
                0x0000000000000108       0x20 /home/arduino/ArduinoApps/skyguardian2/.cache/sketch/sketch/sketch.ino.cpp.o
 .text._ZNSt12_Vector_baseIhSaIhEE11_M_allocateEj.isra.0
                0x0000000000000128       0x20 /home/arduino/ArduinoApps/skyguardian2/.cache/sketch/sketch/sketch.ino.cpp.o
 .text.k_mutex_unlock.isra.0
                0x0000000000000148        0x8 /home/arduino/ArduinoApps/skyguardian2/.cache/sketch/sketch/sketch.ino.cpp.o
 .text.k_mutex_init.isra.0
                0x0000000000000150        0x8 /home/arduino/ArduinoApps/skyguardian2/.cache/sketch/sketch/sketch.ino.cpp.o
 .text.k_msleep.constprop.0.isra.0
                0x0000000000000158        0xc /home/arduino/ArduinoApps/skyguardian2/.cache/sketch/sketch/sketch.ino.cpp.o
 .text._ZNSt14_Function_baseD2Ev
                0x0000000000000164       0x12 /home/arduino/ArduinoApps/skyguardian2/.cache/sketch/sketch/sketch.ino.cpp.o
                0x0000000000000164                std::_Function_base::~_Function_base()
                0x0000000000000164                std::_Function_base::~_Function_base()
 *fill*         0x0000000000000176        0x2 
 .text._ZN18RpcFunctionWrapperISt8functionIFviiiEEED2Ev
                0x0000000000000178       0x1c /home/arduino/ArduinoApps/skyguardian2/.cache/sketch/sketch/sketch.ino.cpp.o
                0x0000000000000178                RpcFunctionWrapper<std::function<void (int, int, int)> >::~RpcFunctionWrapper()
                0x0000000000000178                RpcFunctionWrapper<std::function<void (int, int, int)> >::~RpcFunctionWrapper()
 .text._ZN18RpcFunctionWrapperISt8functionIFviiiEEED0Ev
                0x0000000000000194       0x1c /home/arduino/ArduinoApps/skyguardian2/.cache/sketch/sketch/sketch.ino.cpp.o
                0x0000000000000194                RpcFunctionWrapper<std::function<void (int, int, int)> >::~RpcFunctionWrapper()
 .text._ZN7arduino7msgpack8Unpacker11deserializeEv
                0x00000000000001b0       0x16 /home/arduino/ArduinoApps/skyguardian2/.cache/sketch/sketch/sketch.ino.cpp.o
                0x00000000000001b0                arduino::msgpack::Unpacker::deserialize()
 .text._ZN7arduino7msgpack8Unpacker5clearEv
                0x00000000000001c6       0x14 /home/arduino/ArduinoApps/skyguardian2/.cache/sketch/sketch/sketch.ino.cpp.o
                0x00000000000001c6                arduino::msgpack::Unpacker::clear()
 .text._ZNK7arduino7msgpack8Unpacker13getRawBytePtrEjj
                0x00000000000001da       0x1e /home/arduino/ArduinoApps/skyguardian2/.cache/sketch/sketch/sketch.ino.cpp.o
                0x00000000000001da                arduino::msgpack::Unpacker::getRawBytePtr(unsigned int, unsigned int) const
 .text._ZN8RpcErrorC2Ev
                0x00000000000001f8       0x2c /home/arduino/ArduinoApps/skyguardian2/.cache/sketch/sketch/sketch.ino.cpp.o
                0x00000000000001f8                RpcError::RpcError()
                0x00000000000001f8                RpcError::RpcError()
 .text._ZN17RpcDecoderManager10getDecoderER10ITransport
                0x0000000000000224       0x7c /home/arduino/ArduinoApps/skyguardian2/.cache/sketch/sketch/sketch.ino.cpp.o
                0x0000000000000224                RpcDecoderManager::getDecoder(ITransport&)
 .text._ZN17RpcDecoderManager11getInstanceEv
                0x00000000000002a0       0x30 /home/arduino/ArduinoApps/skyguardian2/.cache/sketch/sketch/sketch.ino.cpp.o
                0x00000000000002a0                RpcDecoderManager::getInstance()
 .text._ZN7arduino7msgpack8UnpackerC2Ev
                0x00000000000002d0       0x10 /home/arduino/ArduinoApps/skyguardian2/.cache/sketch/sketch/sketch.ino.cpp.o
                0x00000000000002d0                arduino::msgpack::Unpacker::Unpacker()
                0x00000000000002d0                arduino::msgpack::Unpacker::Unpacker()
 .text._ZN10RPCRequestILj256EEC2Ev
                0x00000000000002e0       0x4c /home/arduino/ArduinoApps/skyguardian2/.cache/sketch/sketch/sketch.ino.cpp.o
                0x00000000000002e0                RPCRequest<256u>::RPCRequest()
                0x00000000000002e0                RPCRequest<256u>::RPCRequest()
 .text._ZN11BridgeClass10is_startedEv
                0x000000000000032c       0x2c /home/arduino/ArduinoApps/skyguardian2/.cache/sketch/sketch/sketch.ino.cpp.o
                0x000000000000032c                BridgeClass::is_started()
 .text.loop     0x0000000000000358        0x2 /home/arduino/ArduinoApps/skyguardian2/.cache/sketch/sketch/sketch.ino.cpp.o
                0x0000000000000358                loop
 *fill*         0x000000000000035a        0x2 
 .text._ZNSt12_Vector_baseIhSaIhEED2Ev
                0x000000000000035c       0x18 /home/arduino/ArduinoApps/skyguardian2/.cache/sketch/sketch/sketch.ino.cpp.o
                0x000000000000035c                std::_Vector_base<unsigned char, std::allocator<unsigned char> >::~_Vector_base()
                0x000000000000035c                std::_Vector_base<unsigned char, std::allocator<unsigned char> >::~_Vector_base()
 .text.__tcf_2  0x0000000000000374       0x14 /home/arduino/ArduinoApps/skyguardian2/.cache/sketch/sketch/sketch.ino.cpp.o
 .text.__tcf_1  0x0000000000000388       0x14 /home/arduino/ArduinoApps/skyguardian2/.cache/sketch/sketch/sketch.ino.cpp.o
 .text._ZNSt6vectorIhSaIhEE14_M_move_assignEOS1_St17integral_constantIbLb1EE.isra.0
                0x000000000000039c       0x34 /home/arduino/ArduinoApps/skyguardian2/.cache/sketch/sketch/sketch.ino.cpp.o
 .text._ZNK7arduino7msgpack8Unpacker11getRawBytesIhEET_jj
                0x00000000000003d0       0x1e /home/arduino/ArduinoApps/skyguardian2/.cache/sketch/sketch/sketch.ino.cpp.o
                0x00000000000003d0                unsigned char arduino::msgpack::Unpacker::getRawBytes<unsigned char>(unsigned int, unsigned int) const
 *fill*         0x00000000000003ee        0x2 
 .text._ZNK7arduino7msgpack8Unpacker7getTypeEj
                0x00000000000003f0       0x58 /home/arduino/ArduinoApps/skyguardian2/.cache/sketch/sketch/sketch.ino.cpp.o
                0x00000000000003f0                arduino::msgpack::Unpacker::getType(unsigned int) const
 .text._ZNK7arduino7msgpack8Unpacker7getTypeEv
                0x0000000000000448       0x10 /home/arduino/ArduinoApps/skyguardian2/.cache/sketch/sketch/sketch.ino.cpp.o
                0x0000000000000448                arduino::msgpack::Unpacker::getType() const
 .text._ZN7arduino7msgpack8Unpacker9unpackNilEv
                0x0000000000000458       0x3c /home/arduino/ArduinoApps/skyguardian2/.cache/sketch/sketch/sketch.ino.cpp.o
                0x0000000000000458                arduino::msgpack::Unpacker::unpackNil()
 .text._ZNK7arduino7msgpack8Unpacker7isArrayEv
                0x0000000000000494       0x20 /home/arduino/ArduinoApps/skyguardian2/.cache/sketch/sketch/sketch.ino.cpp.o
                0x0000000000000494                arduino::msgpack::Unpacker::isArray() const
 .text._ZNK7arduino7msgpack8Unpacker5isMapEv
                0x00000000000004b4       0x20 /home/arduino/ArduinoApps/skyguardian2/.cache/sketch/sketch/sketch.ino.cpp.o
                0x00000000000004b4                arduino::msgpack::Unpacker::isMap() const
 .text._ZN7arduino7msgpack8Unpacker13unpackFloat32Ev
                0x00000000000004d4       0x60 /home/arduino/ArduinoApps/skyguardian2/.cache/sketch/sketch/sketch.ino.cpp.o
                0x00000000000004d4                arduino::msgpack::Unpacker::unpackFloat32()
 *fill*         0x0000000000000534        0x4 
 .text._ZN7arduino7msgpack8Unpacker13unpackFloat64Ev
                0x0000000000000538       0x6c /home/arduino/ArduinoApps/skyguardian2/.cache/sketch/sketch/sketch.ino.cpp.o
                0x0000000000000538                arduino::msgpack::Unpacker::unpackFloat64()
 .text._ZN7arduino7msgpack8Unpacker11unpackInt64Ev
                0x00000000000005a4       0x60 /home/arduino/ArduinoApps/skyguardian2/.cache/sketch/sketch/sketch.ino.cpp.o
                0x00000000000005a4                arduino::msgpack::Unpacker::unpackInt64()
 .text._ZN7arduino7msgpack8Unpacker11unpackInt32Ev
                0x0000000000000604       0x58 /home/arduino/ArduinoApps/skyguardian2/.cache/sketch/sketch/sketch.ino.cpp.o
                0x0000000000000604                arduino::msgpack::Unpacker::unpackInt32()
 .text._ZN7arduino7msgpack8Unpacker11unpackInt16Ev
                0x000000000000065c       0x4c /home/arduino/ArduinoApps/skyguardian2/.cache/sketch/sketch/sketch.ino.cpp.o
                0x000000000000065c                arduino::msgpack::Unpacker::unpackInt16()
 .text._ZN7arduino7msgpack8Unpacker10unpackInt5Ev
                0x00000000000006a8       0x4c /home/arduino/ArduinoApps/skyguardian2/.cache/sketch/sketch/sketch.ino.cpp.o
                0x00000000000006a8                arduino::msgpack::Unpacker::unpackInt5()
 .text._ZN7arduino7msgpack8Unpacker11unpackUInt7Ev
                0x00000000000006f4       0x48 /home/arduino/ArduinoApps/skyguardian2/.cache/sketch/sketch/sketch.ino.cpp.o
                0x00000000000006f4                arduino::msgpack::Unpacker::unpackUInt7()
 .text._ZN7arduino7msgpack8Unpacker11unpackUInt8Ev
                0x000000000000073c       0x48 /home/arduino/ArduinoApps/skyguardian2/.cache/sketch/sketch/sketch.ino.cpp.o
                0x000000000000073c                arduino::msgpack::Unpacker::unpackUInt8()
 .text._ZNK7arduino7msgpack8Unpacker11getRawBytesItEET_jj
                0x0000000000000784       0x26 /home/arduino/ArduinoApps/skyguardian2/.cache/sketch/sketch/sketch.ino.cpp.o
                0x0000000000000784                unsigned short arduino::msgpack::Unpacker::getRawBytes<unsigned short>(unsigned int, unsigned int) const
 *fill*         0x00000000000007aa        0x2 
 .text._ZN7arduino7msgpack8Unpacker12unpackUInt16Ev
                0x00000000000007ac       0x48 /home/arduino/ArduinoApps/skyguardian2/.cache/sketch/sketch/sketch.ino.cpp.o
                0x00000000000007ac                arduino::msgpack::Unpacker::unpackUInt16()
 .text._ZNK7arduino7msgpack8Unpacker11getRawBytesIjEET_jj
                0x00000000000007f4       0x34 /home/arduino/ArduinoApps/skyguardian2/.cache/sketch/sketch/sketch.ino.cpp.o
                0x00000000000007f4                unsigned int arduino::msgpack::Unpacker::getRawBytes<unsigned int>(unsigned int, unsigned int) const
 .text._ZNK7arduino7msgpack8Unpacker14getElementSizeEj
                0x0000000000000828      0x11c /home/arduino/ArduinoApps/skyguardian2/.cache/sketch/sketch/sketch.ino.cpp.o
                0x0000000000000828                arduino::msgpack::Unpacker::getElementSize(unsigned int) const
 .text._ZN7arduino7msgpack8Unpacker15unpackArraySizeEv
                0x0000000000000944       0x78 /home/arduino/ArduinoApps/skyguardian2/.cache/sketch/sketch/sketch.ino.cpp.o
                0x0000000000000944                arduino::msgpack::Unpacker::unpackArraySize()
 .text._ZN7arduino7msgpack8Unpacker12unpackUInt32Ev
                0x00000000000009bc       0x48 /home/arduino/ArduinoApps/skyguardian2/.cache/sketch/sketch/sketch.ino.cpp.o
                0x00000000000009bc                arduino::msgpack::Unpacker::unpackUInt32()
 .text._ZN7arduino7msgpack8Unpacker13unpackMapSizeEv
                0x0000000000000a04       0x78 /home/arduino/ArduinoApps/skyguardian2/.cache/sketch/sketch/sketch.ino.cpp.o
                0x0000000000000a04                arduino::msgpack::Unpacker::unpackMapSize()
 .text._ZNK7arduino7msgpack8Unpacker11getRawBytesIyEET_jj
                0x0000000000000a7c       0x3a /home/arduino/ArduinoApps/skyguardian2/.cache/sketch/sketch/sketch.ino.cpp.o
                0x0000000000000a7c                unsigned long long arduino::msgpack::Unpacker::getRawBytes<unsigned long long>(unsigned int, unsigned int) const
 *fill*         0x0000000000000ab6        0x2 
 .text._ZN7arduino7msgpack8Unpacker12unpackUInt64Ev
                0x0000000000000ab8       0x4c /home/arduino/ArduinoApps/skyguardian2/.cache/sketch/sketch/sketch.ino.cpp.o
                0x0000000000000ab8                arduino::msgpack::Unpacker::unpackUInt64()
 .text._ZNK7arduino7msgpack8Unpacker11getRawBytesIaEET_jj
                0x0000000000000b04       0x1e /home/arduino/ArduinoApps/skyguardian2/.cache/sketch/sketch/sketch.ino.cpp.o
                0x0000000000000b04                signed char arduino::msgpack::Unpacker::getRawBytes<signed char>(unsigned int, unsigned int) const
 *fill*         0x0000000000000b22        0x2 
 .text._ZN7arduino7msgpack8Unpacker10unpackInt8Ev
                0x0000000000000b24       0x48 /home/arduino/ArduinoApps/skyguardian2/.cache/sketch/sketch/sketch.ino.cpp.o
                0x0000000000000b24                arduino::msgpack::Unpacker::unpackInt8()
 .text._ZNK7arduino7msgpack8Unpacker13isTimestamp32Ev
                0x0000000000000b6c       0x2c /home/arduino/ArduinoApps/skyguardian2/.cache/sketch/sketch/sketch.ino.cpp.o
                0x0000000000000b6c                arduino::msgpack::Unpacker::isTimestamp32() const
 .text._ZNK7arduino7msgpack8Unpacker13isTimestamp64Ev
                0x0000000000000b98       0x2c /home/arduino/ArduinoApps/skyguardian2/.cache/sketch/sketch/sketch.ino.cpp.o
                0x0000000000000b98                arduino::msgpack::Unpacker::isTimestamp64() const
 .text._ZNK7arduino7msgpack8Unpacker13isTimestamp96Ev
                0x0000000000000bc4       0x40 /home/arduino/ArduinoApps/skyguardian2/.cache/sketch/sketch/sketch.ino.cpp.o
                0x0000000000000bc4                arduino::msgpack::Unpacker::isTimestamp96() const
 .text._ZNK7arduino7msgpack8Unpacker11getRawBytesIcEET_jj
                0x0000000000000c04       0x1e /home/arduino/ArduinoApps/skyguardian2/.cache/sketch/sketch/sketch.ino.cpp.o
                0x0000000000000c04                char arduino::msgpack::Unpacker::getRawBytes<char>(unsigned int, unsigned int) const
 *fill*         0x0000000000000c22        0x2 
 .text._ZN7arduino7msgpack8Unpacker11deserializeINS0_4type9ArraySizeEJEEEbRT_DpOT0_
                0x0000000000000c24       0x40 /home/arduino/ArduinoApps/skyguardian2/.cache/sketch/sketch/sketch.ino.cpp.o
                0x0000000000000c24                bool arduino::msgpack::Unpacker::deserialize<arduino::msgpack::type::ArraySize>(arduino::msgpack::type::ArraySize&)
 .text._ZN7arduino7msgpack8Unpacker11deserializeINS0_6object5nil_tEJEEEbRT_DpOT0_
                0x0000000000000c64       0x40 /home/arduino/ArduinoApps/skyguardian2/.cache/sketch/sketch/sketch.ino.cpp.o
                0x0000000000000c64                bool arduino::msgpack::Unpacker::deserialize<arduino::msgpack::object::nil_t>(arduino::msgpack::object::nil_t&)
 .text._ZN7arduino7msgpack8Unpacker11deserializeIbJEEEbRT_DpOT0_
                0x0000000000000ca4       0x68 /home/arduino/ArduinoApps/skyguardian2/.cache/sketch/sketch/sketch.ino.cpp.o
                0x0000000000000ca4                bool arduino::msgpack::Unpacker::deserialize<bool>(bool&)
 .text._ZN7arduino7msgpack8Unpacker11deserializeINS_6StringEJEEEbRT_DpOT0_
                0x0000000000000d0c      0x174 /home/arduino/ArduinoApps/skyguardian2/.cache/sketch/sketch/sketch.ino.cpp.o
                0x0000000000000d0c                bool arduino::msgpack::Unpacker::deserialize<arduino::String>(arduino::String&)
 .text._ZN7arduino7msgpack8Unpacker11deserializeINS0_6object8timespecEJEEEbRT_DpOT0_
                0x0000000000000e80       0xc4 /home/arduino/ArduinoApps/skyguardian2/.cache/sketch/sketch/sketch.ino.cpp.o
                0x0000000000000e80                bool arduino::msgpack::Unpacker::deserialize<arduino::msgpack::object::timespec>(arduino::msgpack::object::timespec&)
 .text._ZNSt12_Vector_baseIjSaIjEED2Ev
                0x0000000000000f44       0x18 /home/arduino/ArduinoApps/skyguardian2/.cache/sketch/sketch/sketch.ino.cpp.o
                0x0000000000000f44                std::_Vector_base<unsigned int, std::allocator<unsigned int> >::~_Vector_base()
                0x0000000000000f44                std::_Vector_base<unsigned int, std::allocator<unsigned int> >::~_Vector_base()
 .text._ZN10RPCRequestILj256EED2Ev
                0x0000000000000f5c       0x2c /home/arduino/ArduinoApps/skyguardian2/.cache/sketch/sketch/sketch.ino.cpp.o
                0x0000000000000f5c                RPCRequest<256u>::~RPCRequest()
                0x0000000000000f5c                RPCRequest<256u>::~RPCRequest()
 .text._ZNSt6vectorIjSaIjEE17_M_realloc_insertIJRjEEEvN9__gnu_cxx17__normal_iteratorIPjS1_EEDpOT_
                0x0000000000000f88       0xdc /home/arduino/ArduinoApps/skyguardian2/.cache/sketch/sketch/sketch.ino.cpp.o
                0x0000000000000f88                void std::vector<unsigned int, std::allocator<unsigned int> >::_M_realloc_insert<unsigned int&>(__gnu_cxx::__normal_iterator<unsigned int*, std::vector<unsigned int, std::allocator<unsigned int> > >, unsigned int&)
 .text._ZN7arduino7msgpack8Unpacker4feedEPKhj
                0x0000000000001064       0x78 /home/arduino/ArduinoApps/skyguardian2/.cache/sketch/sketch/sketch.ino.cpp.o
                0x0000000000001064                arduino::msgpack::Unpacker::feed(unsigned char const*, unsigned int)
 .text._ZN7RpcCallIJEE8setErrorEiN7arduino6StringE
                0x00000000000010dc       0x40 /home/arduino/ArduinoApps/skyguardian2/.cache/sketch/sketch/sketch.ino.cpp.o
                0x00000000000010dc                RpcCall<>::setError(int, arduino::String)
 .text._ZN7RpcCallIJEE7isErrorEv
                0x000000000000111c       0x34 /home/arduino/ArduinoApps/skyguardian2/.cache/sketch/sketch/sketch.ino.cpp.o
                0x000000000000111c                RpcCall<>::isError()
 .text._ZNKSt6vectorIhSaIhEE12_M_check_lenEjPKc
                0x0000000000001150       0x38 /home/arduino/ArduinoApps/skyguardian2/.cache/sketch/sketch/sketch.ino.cpp.o
                0x0000000000001150                std::vector<unsigned char, std::allocator<unsigned char> >::_M_check_len(unsigned int, char const*) const
 .text._ZNSt6vectorIhSaIhEE12emplace_backIJhEEERhDpOT_.isra.0
                0x0000000000001188       0x90 /home/arduino/ArduinoApps/skyguardian2/.cache/sketch/sketch/sketch.ino.cpp.o
 .text._ZN7arduino7msgpack6Packer11packRawByteERKNS0_4TypeE.isra.0
                0x0000000000001218       0x18 /home/arduino/ArduinoApps/skyguardian2/.cache/sketch/sketch/sketch.ino.cpp.o
 .text._ZN7arduino7msgpack6Packer7packNilEv
                0x0000000000001230       0x18 /home/arduino/ArduinoApps/skyguardian2/.cache/sketch/sketch/sketch.ino.cpp.o
                0x0000000000001230                arduino::msgpack::Packer::packNil()
 .text._ZNSt6vectorIhSaIhEE12emplace_backIJRKhEEERhDpOT_.isra.0
                0x0000000000001248       0x90 /home/arduino/ArduinoApps/skyguardian2/.cache/sketch/sketch/sketch.ino.cpp.o
 .text._ZN7arduino7msgpack6Packer9packUInt8Eh
                0x00000000000012d8       0x2c /home/arduino/ArduinoApps/skyguardian2/.cache/sketch/sketch/sketch.ino.cpp.o
                0x00000000000012d8                arduino::msgpack::Packer::packUInt8(unsigned char)
 .text._ZNSt6vectorIhSaIhEE12emplace_backIJRhEEES3_DpOT_.isra.0
                0x0000000000001304       0x90 /home/arduino/ArduinoApps/skyguardian2/.cache/sketch/sketch/sketch.ino.cpp.o
 .text._ZN7arduino7msgpack6Packer15packRawReversedIjEEvRKT_
                0x0000000000001394       0x1c /home/arduino/ArduinoApps/skyguardian2/.cache/sketch/sketch/sketch.ino.cpp.o
                0x0000000000001394                void arduino::msgpack::Packer::packRawReversed<unsigned int>(unsigned int const&)
 .text._ZN7arduino7msgpack6Packer10packUInt32Ej
                0x00000000000013b0       0x28 /home/arduino/ArduinoApps/skyguardian2/.cache/sketch/sketch/sketch.ino.cpp.o
                0x00000000000013b0                arduino::msgpack::Packer::packUInt32(unsigned int)
 .text._ZN7arduino7msgpack6Packer15packRawReversedItEEvRKT_
                0x00000000000013d8       0x1c /home/arduino/ArduinoApps/skyguardian2/.cache/sketch/sketch/sketch.ino.cpp.o
                0x00000000000013d8                void arduino::msgpack::Packer::packRawReversed<unsigned short>(unsigned short const&)
 .text._ZN7arduino7msgpack6Packer13packArraySizeEj
                0x00000000000013f4       0x58 /home/arduino/ArduinoApps/skyguardian2/.cache/sketch/sketch/sketch.ino.cpp.o
                0x00000000000013f4                arduino::msgpack::Packer::packArraySize(unsigned int)
 .text._ZN7arduino7msgpack6Packer10packUInt16Et
                0x000000000000144c       0x2c /home/arduino/ArduinoApps/skyguardian2/.cache/sketch/sketch/sketch.ino.cpp.o
                0x000000000000144c                arduino::msgpack::Packer::packUInt16(unsigned short)
 .text._ZN7arduino7msgpack6Packer11packIntegerIjEENSt9enable_ifIXaaaaaasrSt13is_arithmeticIT_E5valuesrSt11is_integralIS5_E5valuentsrSt7is_sameIS5_bE5valuentsrS9_INSt9remove_cvIS5_E4typeEPcE5valueEvE4typeERKS5_.isra.0
                0x0000000000001478       0x50 /home/arduino/ArduinoApps/skyguardian2/.cache/sketch/sketch/sketch.ino.cpp.o
 .text._ZN7arduino7msgpack6Packer11packIntegerIiEENSt9enable_ifIXaaaaaasrSt13is_arithmeticIT_E5valuesrSt11is_integralIS5_E5valuentsrSt7is_sameIS5_bE5valuentsrS9_INSt9remove_cvIS5_E4typeEPcE5valueEvE4typeERKS5_.isra.0
                0x00000000000014c8       0xb8 /home/arduino/ArduinoApps/skyguardian2/.cache/sketch/sketch/sketch.ino.cpp.o
 .text._ZN7arduino7msgpack6Packer12packRawBytesEPKcj
                0x0000000000001580       0x9c /home/arduino/ArduinoApps/skyguardian2/.cache/sketch/sketch/sketch.ino.cpp.o
                0x0000000000001580                arduino::msgpack::Packer::packRawBytes(char const*, unsigned int)
 .text._ZN7arduino7msgpack6Packer4packERKNS_6StringE
                0x000000000000161c       0x7c /home/arduino/ArduinoApps/skyguardian2/.cache/sketch/sketch/sketch.ino.cpp.o
                0x000000000000161c                arduino::msgpack::Packer::pack(arduino::String const&)
 .text._ZN7arduino7msgpack6Packer9serializeI8RpcErrorJRNS0_6object5nil_tEEEENSt9enable_ifIXoooontsrSt10is_pointerIT_E5valuesrSt7is_sameIS9_PKcE5valuesrSB_IS9_PKNS_19__FlashStringHelperEE5valueEvE4typeERKS9_DpOT0_.isra.0
                0x0000000000001698       0x38 /home/arduino/ArduinoApps/skyguardian2/.cache/sketch/sketch/sketch.ino.cpp.o
 .text._ZN7arduino7msgpack8Unpacker9unpackIntIiEENSt9enable_ifIXaaaaaaaasrSt13is_arithmeticIT_E5valuesrSt11is_integralIS5_E5valuentsrSt7is_sameIS5_bE5valuentsrS9_INSt9remove_cvIS5_E4typeEPcE5valuesrSt9is_signedIS5_E5valueES5_E4typeEv
                0x00000000000016d0       0xd0 /home/arduino/ArduinoApps/skyguardian2/.cache/sketch/sketch/sketch.ino.cpp.o
                0x00000000000016d0                std::enable_if<(((std::is_arithmetic<int>::value&&std::is_integral<int>::value)&&(!std::is_same<int, bool>::value))&&(!std::is_same<std::remove_cv<int>::type, char*>::value))&&std::is_signed<int>::value, int>::type arduino::msgpack::Unpacker::unpackInt<int>()
 .text._ZN7arduino7msgpack8Unpacker11deserializeIiJEEEbRT_DpOT0_
                0x00000000000017a0       0x40 /home/arduino/ArduinoApps/skyguardian2/.cache/sketch/sketch/sketch.ino.cpp.o
                0x00000000000017a0                bool arduino::msgpack::Unpacker::deserialize<int>(int&)
 .text._ZN7arduino7msgpack8Unpacker11unpackFloatIfEENSt9enable_ifIXaasrSt13is_arithmeticIT_E5valuesrSt17is_floating_pointIS5_E5valueES5_E4typeEv
                0x00000000000017e0      0x118 /home/arduino/ArduinoApps/skyguardian2/.cache/sketch/sketch/sketch.ino.cpp.o
                0x00000000000017e0                std::enable_if<std::is_arithmetic<float>::value&&std::is_floating_point<float>::value, float>::type arduino::msgpack::Unpacker::unpackFloat<float>()
 .text._ZN7arduino7msgpack8Unpacker11unpackFloatIdEENSt9enable_ifIXaasrSt13is_arithmeticIT_E5valuesrSt17is_floating_pointIS5_E5valueES5_E4typeEv
                0x00000000000018f8      0x118 /home/arduino/ArduinoApps/skyguardian2/.cache/sketch/sketch/sketch.ino.cpp.o
                0x00000000000018f8                std::enable_if<std::is_arithmetic<double>::value&&std::is_floating_point<double>::value, double>::type arduino::msgpack::Unpacker::unpackFloat<double>()
 .text._ZN7arduino7msgpack8Unpacker12unpackBinaryIhEENSt9enable_ifIXoosrSt7is_sameIT_cE5valuesrS4_IS5_hE5valueESt6vectorINS3_IXoosrS7_5valuesrS6_5valueES5_E4typeESaIS5_EEE4typeEv
                0x0000000000001a10      0x114 /home/arduino/ArduinoApps/skyguardian2/.cache/sketch/sketch/sketch.ino.cpp.o
                0x0000000000001a10                std::enable_if<std::is_same<unsigned char, char>::value||std::is_same<unsigned char, unsigned char>::value, std::vector<std::enable_if<std::is_same<unsigned char, unsigned char>::value||std::is_same<unsigned char, char>::value, unsigned char>::type, std::allocator<unsigned char> > >::type arduino::msgpack::Unpacker::unpackBinary<unsigned char>()
 .text._ZN7arduino7msgpack8Unpacker11deserializeINS0_4type9ArraySizeEJRiEEEbRT_DpOT0_
                0x0000000000001b24       0x44 /home/arduino/ArduinoApps/skyguardian2/.cache/sketch/sketch/sketch.ino.cpp.o
                0x0000000000001b24                bool arduino::msgpack::Unpacker::deserialize<arduino::msgpack::type::ArraySize, int&>(arduino::msgpack::type::ArraySize&, int&)
 .text._ZNK10RpcDecoderILj1024EE4sendEPKhj
                0x0000000000001b68       0x22 /home/arduino/ArduinoApps/skyguardian2/.cache/sketch/sketch/sketch.ino.cpp.o
                0x0000000000001b68                RpcDecoder<1024u>::send(unsigned char const*, unsigned int) const
 *fill*         0x0000000000001b8a        0x2 
 .text._ZN9RPCClient8send_rpcIJEEEbRKN7arduino6StringERjDpOT_.isra.0
                0x0000000000001b8c       0x8c /home/arduino/ArduinoApps/skyguardian2/.cache/sketch/sketch/sketch.ino.cpp.o
 .text._ZN9RPCClient8send_rpcIJRKN7arduino6StringEEEEbS4_RjDpOT_.isra.0
                0x0000000000001c18       0x90 /home/arduino/ArduinoApps/skyguardian2/.cache/sketch/sketch/sketch.ino.cpp.o
 .text._ZN11BridgeClass6notifyIJiEEEvN7arduino6StringEDpOT_
                0x0000000000001ca8       0xac /home/arduino/ArduinoApps/skyguardian2/.cache/sketch/sketch/sketch.ino.cpp.o
                0x0000000000001ca8                void BridgeClass::notify<int>(arduino::String, int&&)
 .text._ZNK9RPCServer13send_responseILj256EEEbRK10RPCRequestIXT_EE.isra.0
                0x0000000000001d54       0x24 /home/arduino/ArduinoApps/skyguardian2/.cache/sketch/sketch/sketch.ino.cpp.o
 .text._ZN7RpcCallIJRKN7arduino6StringEEE8setErrorEiS1_
                0x0000000000001d78       0x40 /home/arduino/ArduinoApps/skyguardian2/.cache/sketch/sketch/sketch.ino.cpp.o
                0x0000000000001d78                RpcCall<arduino::String const&>::setError(int, arduino::String)
 .text._ZN7RpcCallIJRKN7arduino6StringEEE7isErrorEv
                0x0000000000001db8       0x34 /home/arduino/ArduinoApps/skyguardian2/.cache/sketch/sketch/sketch.ino.cpp.o
                0x0000000000001db8                RpcCall<arduino::String const&>::isError()
 .text._ZN10RpcDecoderILj1024EE7consumeEjj
                0x0000000000001dec       0x50 /home/arduino/ArduinoApps/skyguardian2/.cache/sketch/sketch/sketch.ino.cpp.o
                0x0000000000001dec                RpcDecoder<1024u>::consume(unsigned int, unsigned int)
 .text._ZN10RpcDecoderILj1024EE7discardEv
                0x0000000000001e3c       0x2c /home/arduino/ArduinoApps/skyguardian2/.cache/sketch/sketch/sketch.ino.cpp.o
                0x0000000000001e3c                RpcDecoder<1024u>::discard()
 .text._ZN7arduino7msgpack8Unpacker11deserializeI8RpcErrorJRNS0_6object5nil_tEEEEbRT_DpOT0_
                0x0000000000001e68       0x90 /home/arduino/ArduinoApps/skyguardian2/.cache/sketch/sketch/sketch.ino.cpp.o
                0x0000000000001e68                bool arduino::msgpack::Unpacker::deserialize<RpcError, arduino::msgpack::object::nil_t&>(RpcError&, arduino::msgpack::object::nil_t&)
 .text._Z4wrapIRFviiiESt8functionIS0_EEP18RpcFunctionWrapperIT0_EOT_
                0x0000000000001ef8       0x6c /home/arduino/ArduinoApps/skyguardian2/.cache/sketch/sketch/sketch.ino.cpp.o
                0x0000000000001ef8                RpcFunctionWrapper<std::function<void (int, int, int)> >* wrap<void (&)(int, int, int), std::function<void (int, int, int)> >(void (&)(int, int, int))
 .text._ZN7arduino7msgpack8Unpacker10unpackUIntIjEENSt9enable_ifIXaaaaaaaasrSt13is_arithmeticIT_E5valuesrSt11is_integralIS5_E5valuentsrSt7is_sameIS5_bE5valuentsrS9_INSt9remove_cvIS5_E4typeEPcE5valuentsrSt9is_signedIS5_E5valueES5_E4typeEv
                0x0000000000001f64       0x80 /home/arduino/ArduinoApps/skyguardian2/.cache/sketch/sketch/sketch.ino.cpp.o
                0x0000000000001f64                std::enable_if<(((std::is_arithmetic<unsigned int>::value&&std::is_integral<unsigned int>::value)&&(!std::is_same<unsigned int, bool>::value))&&(!std::is_same<std::remove_cv<unsigned int>::type, char*>::value))&&(!std::is_signed<unsigned int>::value), unsigned int>::type arduino::msgpack::Unpacker::unpackUInt<unsigned int>()
 .text._ZN7arduino7msgpack8Unpacker11deserializeIjJRNS_6StringEEEEbRT_DpOT0_
                0x0000000000001fe4       0x44 /home/arduino/ArduinoApps/skyguardian2/.cache/sketch/sketch/sketch.ino.cpp.o
                0x0000000000001fe4                bool arduino::msgpack::Unpacker::deserialize<unsigned int, arduino::String&>(unsigned int&, arduino::String&)
 .text._ZN10RpcDecoderILj1024EE16fetch_rpc_methodEv
                0x0000000000002028       0xe8 /home/arduino/ArduinoApps/skyguardian2/.cache/sketch/sketch/sketch.ino.cpp.o
                0x0000000000002028                RpcDecoder<1024u>::fetch_rpc_method()
 .text._ZN10RPCRequestILj256EE22unpack_request_headersEv
                0x0000000000002110       0xb8 /home/arduino/ArduinoApps/skyguardian2/.cache/sketch/sketch/sketch.ino.cpp.o
                0x0000000000002110                RPCRequest<256u>::unpack_request_headers()
 .text._ZN9RPCServer15process_requestILj256EEEvR10RPCRequestIXT_EE
                0x00000000000021c8      0x114 /home/arduino/ArduinoApps/skyguardian2/.cache/sketch/sketch/sketch.ino.cpp.o
                0x00000000000021c8                void RPCServer::process_request<256u>(RPCRequest<256u>&)
 .text._ZN7arduino7msgpack8Unpacker11deserializeINS0_4type9ArraySizeEJRiRjEEEbRT_DpOT0_
                0x00000000000022dc       0xa0 /home/arduino/ArduinoApps/skyguardian2/.cache/sketch/sketch/sketch.ino.cpp.o
                0x00000000000022dc                bool arduino::msgpack::Unpacker::deserialize<arduino::msgpack::type::ArraySize, int&, unsigned int&>(arduino::msgpack::type::ArraySize&, int&, unsigned int&)
 .text._ZN10RpcDecoderILj1024EE12get_responseIbEEbjRT_R8RpcError
                0x000000000000237c      0x17c /home/arduino/ArduinoApps/skyguardian2/.cache/sketch/sketch/sketch.ino.cpp.o
                0x000000000000237c                bool RpcDecoder<1024u>::get_response<bool>(unsigned int, bool&, RpcError&)
 .text._ZN10RpcDecoderILj1024EE12get_responseIN7arduino7msgpack6object5nil_tEEEbjRT_R8RpcError
                0x00000000000024f8      0x17c /home/arduino/ArduinoApps/skyguardian2/.cache/sketch/sketch/sketch.ino.cpp.o
                0x00000000000024f8                bool RpcDecoder<1024u>::get_response<arduino::msgpack::object::nil_t>(unsigned int, arduino::msgpack::object::nil_t&, RpcError&)
 .text._ZNSt11__copy_moveILb0ELb1ESt26random_access_iterator_tagE8__copy_mIhEEPT_PKS3_S6_S4_
                0x0000000000002674       0x1c /home/arduino/ArduinoApps/skyguardian2/.cache/sketch/sketch/sketch.ino.cpp.o
                0x0000000000002674                unsigned char* std::__copy_move<false, true, std::random_access_iterator_tag>::__copy_m<unsigned char>(unsigned char const*, unsigned char const*, unsigned char*)
 .text._ZNSt11__copy_moveILb1ELb1ESt26random_access_iterator_tagE8__copy_mIhEEPT_PKS3_S6_S4_
                0x0000000000002690       0x1c /home/arduino/ArduinoApps/skyguardian2/.cache/sketch/sketch/sketch.ino.cpp.o
                0x0000000000002690                unsigned char* std::__copy_move<true, true, std::random_access_iterator_tag>::__copy_m<unsigned char>(unsigned char const*, unsigned char const*, unsigned char*)
 .text._ZN7arduino7msgpack6object3extC2EaPKhj
                0x00000000000026ac      0x104 /home/arduino/ArduinoApps/skyguardian2/.cache/sketch/sketch/sketch.ino.cpp.o
                0x00000000000026ac                arduino::msgpack::object::ext::ext(signed char, unsigned char const*, unsigned int)
                0x00000000000026ac                arduino::msgpack::object::ext::ext(signed char, unsigned char const*, unsigned int)
 .text._ZN7arduino7msgpack8Unpacker9unpackExtEv
                0x00000000000027b0      0x178 /home/arduino/ArduinoApps/skyguardian2/.cache/sketch/sketch/sketch.ino.cpp.o
                0x00000000000027b0                arduino::msgpack::Unpacker::unpackExt()
 .text._ZN8RpcUtils6detail12unpackObjectERN7arduino7msgpack8UnpackerE
                0x0000000000002928      0x29c /home/arduino/ArduinoApps/skyguardian2/.cache/sketch/sketch/sketch.ino.cpp.o
                0x0000000000002928                RpcUtils::detail::unpackObject(arduino::msgpack::Unpacker&)
 .text._ZN10RpcDecoderILj1024EE12parse_packetEv
                0x0000000000002bc4      0x13c /home/arduino/ArduinoApps/skyguardian2/.cache/sketch/sketch/sketch.ino.cpp.o
                0x0000000000002bc4                RpcDecoder<1024u>::parse_packet()
 .text._ZN10RpcDecoderILj1024EE6decodeEv
                0x0000000000002d00       0x40 /home/arduino/ArduinoApps/skyguardian2/.cache/sketch/sketch/sketch.ino.cpp.o
                0x0000000000002d00                RpcDecoder<1024u>::decode()
 .text._ZN9RPCServer7get_rpcILj256EEEbR10RPCRequestIXT_EEN7arduino6StringE
                0x0000000000002d40       0xd0 /home/arduino/ArduinoApps/skyguardian2/.cache/sketch/sketch/sketch.ino.cpp.o
                0x0000000000002d40                bool RPCServer::get_rpc<256u>(RPCRequest<256u>&, arduino::String)
 .text._ZN11BridgeClass11update_safeEv
                0x0000000000002e10       0xb0 /home/arduino/ArduinoApps/skyguardian2/.cache/sketch/sketch/sketch.ino.cpp.o
                0x0000000000002e10                BridgeClass::update_safe()
 .text._Z10__loopHookv
                0x0000000000002ec0       0x28 /home/arduino/ArduinoApps/skyguardian2/.cache/sketch/sketch/sketch.ino.cpp.o
                0x0000000000002ec0                __loopHook()
 .text._ZN11BridgeClass6updateEv
                0x0000000000002ee8       0xb0 /home/arduino/ArduinoApps/skyguardian2/.cache/sketch/sketch/sketch.ino.cpp.o
                0x0000000000002ee8                BridgeClass::update()
 .text._Z16updateEntryPointPvS_S_
                0x0000000000002f98       0x28 /home/arduino/ArduinoApps/skyguardian2/.cache/sketch/sketch/sketch.ino.cpp.o
                0x0000000000002f98                updateEntryPoint(void*, void*, void*)
 .text._ZN9RPCClient12get_responseIbEEbjRT_R8RpcError
                0x0000000000002fc0       0x40 /home/arduino/ArduinoApps/skyguardian2/.cache/sketch/sketch/sketch.ino.cpp.o
                0x0000000000002fc0                bool RPCClient::get_response<bool>(unsigned int, bool&, RpcError&)
 .text._ZN7RpcCallIJEE6resultIbEEbRT_
                0x0000000000003000      0x114 /home/arduino/ArduinoApps/skyguardian2/.cache/sketch/sketch/sketch.ino.cpp.o
                0x0000000000003000                bool RpcCall<>::result<bool>(bool&)
 .text._ZN7RpcCallIJRKN7arduino6StringEEE6resultIbEEbRT_
                0x0000000000003114      0x118 /home/arduino/ArduinoApps/skyguardian2/.cache/sketch/sketch/sketch.ino.cpp.o
                0x0000000000003114                bool RpcCall<arduino::String const&>::result<bool>(bool&)
 .text._ZN9RPCClient12get_responseIN7arduino7msgpack6object5nil_tEEEbjRT_R8RpcError
                0x000000000000322c       0x40 /home/arduino/ArduinoApps/skyguardian2/.cache/sketch/sketch/sketch.ino.cpp.o
                0x000000000000322c                bool RPCClient::get_response<arduino::msgpack::object::nil_t>(unsigned int, arduino::msgpack::object::nil_t&, RpcError&)
 .text._ZN7RpcCallIJEED2Ev
                0x000000000000326c      0x114 /home/arduino/ArduinoApps/skyguardian2/.cache/sketch/sketch/sketch.ino.cpp.o
                0x000000000000326c                RpcCall<>::~RpcCall()
                0x000000000000326c                RpcCall<>::~RpcCall()
 .text.setup    0x0000000000003380      0x48c /home/arduino/ArduinoApps/skyguardian2/.cache/sketch/sketch/sketch.ino.cpp.o
                0x0000000000003380                setup
 .text._ZN8RpcUtils6detail9unpackMapERN7arduino7msgpack8UnpackerERj
                0x000000000000380c       0x80 /home/arduino/ArduinoApps/skyguardian2/.cache/sketch/sketch/sketch.ino.cpp.o
                0x000000000000380c                RpcUtils::detail::unpackMap(arduino::msgpack::Unpacker&, unsigned int&)
 .text._ZN8RpcUtils6detail18deserialize_singleIiEEiRN7arduino7msgpack8UnpackerERT_
                0x000000000000388c       0x44 /home/arduino/ArduinoApps/skyguardian2/.cache/sketch/sketch/sketch.ino.cpp.o
                0x000000000000388c                int RpcUtils::detail::deserialize_single<int>(arduino::msgpack::Unpacker&, int&)
 .text._ZN18RpcFunctionWrapperISt8functionIFviiiEEE11handle_callIvEENSt9enable_ifIXsrSt7is_voidIT_E5valueEiE4typeERN7arduino7msgpack8UnpackerERNSC_6PackerE
                0x00000000000038d0       0x80 /home/arduino/ArduinoApps/skyguardian2/.cache/sketch/sketch/sketch.ino.cpp.o
                0x00000000000038d0                std::enable_if<std::is_void<void>::value, int>::type RpcFunctionWrapper<std::function<void (int, int, int)> >::handle_call<void>(arduino::msgpack::Unpacker&, arduino::msgpack::Packer&)
 .text._ZN18RpcFunctionWrapperISt8functionIFviiiEEEclERN7arduino7msgpack8UnpackerERNS5_6PackerE
                0x0000000000003950       0xf0 /home/arduino/ArduinoApps/skyguardian2/.cache/sketch/sketch/sketch.ino.cpp.o
                0x0000000000003950                RpcFunctionWrapper<std::function<void (int, int, int)> >::operator()(arduino::msgpack::Unpacker&, arduino::msgpack::Packer&)
 .text._GLOBAL__sub_I__Z14set_led3_coloriii
                0x0000000000003a40       0x2c /home/arduino/ArduinoApps/skyguardian2/.cache/sketch/sketch/sketch.ino.cpp.o
 .text._GLOBAL__sub_D__Z14set_led3_coloriii
                0x0000000000003a6c       0x20 /home/arduino/ArduinoApps/skyguardian2/.cache/sketch/sketch/sketch.ino.cpp.o
 .text._ZN7arduino5Print17availableForWriteEv
                0x0000000000003a8c        0x4 /home/arduino/ArduinoApps/skyguardian2/.cache/sketch/libraries/Arduino_RouterBridge/singletons.cpp.o
                0x0000000000003a8c                arduino::Print::availableForWrite()
 .text._ZN7arduino5Print5flushEv
                0x0000000000003a90        0x2 /home/arduino/ArduinoApps/skyguardian2/.cache/sketch/libraries/Arduino_RouterBridge/singletons.cpp.o
                0x0000000000003a90                arduino::Print::flush()
 .text._ZN13BridgeMonitorILj512EE5writeEh
                0x0000000000003a92       0x18 /home/arduino/ArduinoApps/skyguardian2/.cache/sketch/libraries/Arduino_RouterBridge/singletons.cpp.o
                0x0000000000003a92                BridgeMonitor<512u>::write(unsigned char)
 *fill*         0x0000000000003aaa        0x2 
 .text.k_yield  0x0000000000003aac        0x8 /home/arduino/ArduinoApps/skyguardian2/.cache/sketch/libraries/Arduino_RouterBridge/singletons.cpp.o
 .text.k_mutex_lock
                0x0000000000003ab4        0x8 /home/arduino/ArduinoApps/skyguardian2/.cache/sketch/libraries/Arduino_RouterBridge/singletons.cpp.o
 .text._ZSt14__relocate_a_1IhhENSt9enable_ifIXsrSt24__is_bitwise_relocatableIT_vE5valueEPS2_E4typeES4_S4_S4_RSaIT0_E.isra.0
                0x0000000000003abc       0x20 /home/arduino/ArduinoApps/skyguardian2/.cache/sketch/libraries/Arduino_RouterBridge/singletons.cpp.o
 .text._ZNSt12_Vector_baseIhSaIhEE11_M_allocateEj.isra.0
                0x0000000000003adc       0x20 /home/arduino/ArduinoApps/skyguardian2/.cache/sketch/libraries/Arduino_RouterBridge/singletons.cpp.o
 .text.k_mutex_unlock.isra.0
                0x0000000000003afc        0x8 /home/arduino/ArduinoApps/skyguardian2/.cache/sketch/libraries/Arduino_RouterBridge/singletons.cpp.o
 .text._ZN7RpcCallIJEE7isErrorEv.isra.0
                0x0000000000003b04       0x28 /home/arduino/ArduinoApps/skyguardian2/.cache/sketch/libraries/Arduino_RouterBridge/singletons.cpp.o
 .text._ZN7RpcCallIJRN7arduino6StringEEE7isErrorEv.isra.0
                0x0000000000003b2c       0x28 /home/arduino/ArduinoApps/skyguardian2/.cache/sketch/libraries/Arduino_RouterBridge/singletons.cpp.o
 .text._ZN13BridgeMonitorILj512EE4readEv
                0x0000000000003b54       0x68 /home/arduino/ArduinoApps/skyguardian2/.cache/sketch/libraries/Arduino_RouterBridge/singletons.cpp.o
                0x0000000000003b54                BridgeMonitor<512u>::read()
 .text._ZN13BridgeMonitorILj512EE4peekEv
                0x0000000000003bbc       0x44 /home/arduino/ArduinoApps/skyguardian2/.cache/sketch/libraries/Arduino_RouterBridge/singletons.cpp.o
                0x0000000000003bbc                BridgeMonitor<512u>::peek()
 .text.k_msleep.constprop.0.isra.0
                0x0000000000003c00        0xc /home/arduino/ArduinoApps/skyguardian2/.cache/sketch/libraries/Arduino_RouterBridge/singletons.cpp.o
 .text._ZNSt6vectorIhSaIhEE14_M_move_assignEOS1_St17integral_constantIbLb1EE.isra.0
                0x0000000000003c0c       0x34 /home/arduino/ArduinoApps/skyguardian2/.cache/sketch/libraries/Arduino_RouterBridge/singletons.cpp.o
 .text._ZNSt6vectorIhSaIhEE12emplace_backIJRKhEEERhDpOT_.isra.0
                0x0000000000003c40       0x90 /home/arduino/ArduinoApps/skyguardian2/.cache/sketch/libraries/Arduino_RouterBridge/singletons.cpp.o
 .text._ZNSt6vectorIhSaIhEE12emplace_backIJhEEERhDpOT_.isra.0
                0x0000000000003cd0       0x90 /home/arduino/ArduinoApps/skyguardian2/.cache/sketch/libraries/Arduino_RouterBridge/singletons.cpp.o
 .text._ZN7arduino7msgpack8Unpacker11deserializeISt6vectorIhSaIhEEJEEEbRT_DpOT0_
                0x0000000000003d60      0x13c /home/arduino/ArduinoApps/skyguardian2/.cache/sketch/libraries/Arduino_RouterBridge/singletons.cpp.o
                0x0000000000003d60                bool arduino::msgpack::Unpacker::deserialize<std::vector<unsigned char, std::allocator<unsigned char> >>(std::vector<unsigned char, std::allocator<unsigned char> >&)
 .text._ZN7arduino7msgpack6Packer11packRawByteERKNS0_4TypeE.isra.0
                0x0000000000003e9c       0x18 /home/arduino/ArduinoApps/skyguardian2/.cache/sketch/libraries/Arduino_RouterBridge/singletons.cpp.o
 .text._ZNSt6vectorIhSaIhEE12emplace_backIJRhEEES3_DpOT_.isra.0
                0x0000000000003eb4       0x90 /home/arduino/ArduinoApps/skyguardian2/.cache/sketch/libraries/Arduino_RouterBridge/singletons.cpp.o
 .text._ZN7arduino7msgpack6Packer11packIntegerIjEENSt9enable_ifIXaaaaaasrSt13is_arithmeticIT_E5valuesrSt11is_integralIS5_E5valuentsrSt7is_sameIS5_bE5valuentsrS9_INSt9remove_cvIS5_E4typeEPcE5valueEvE4typeERKS5_.isra.0
                0x0000000000003f44       0x50 /home/arduino/ArduinoApps/skyguardian2/.cache/sketch/libraries/Arduino_RouterBridge/singletons.cpp.o
 .text._ZN7arduino7msgpack6Packer11packIntegerIiEENSt9enable_ifIXaaaaaasrSt13is_arithmeticIT_E5valuesrSt11is_integralIS5_E5valuentsrSt7is_sameIS5_bE5valuentsrS9_INSt9remove_cvIS5_E4typeEPcE5valueEvE4typeERKS5_.isra.0
                0x0000000000003f94       0xb8 /home/arduino/ArduinoApps/skyguardian2/.cache/sketch/libraries/Arduino_RouterBridge/singletons.cpp.o
 .text._ZN7arduino7msgpack6Packer9serializeIJRKiRjRKNS_6StringEEEEvRKNS0_4type9ArraySizeEDpOT_.isra.0
                0x000000000000404c       0x38 /home/arduino/ArduinoApps/skyguardian2/.cache/sketch/libraries/Arduino_RouterBridge/singletons.cpp.o
 .text._ZN9RPCClient8send_rpcIJEEEbRKN7arduino6StringERjDpOT_.isra.0
                0x0000000000004084       0x74 /home/arduino/ArduinoApps/skyguardian2/.cache/sketch/libraries/Arduino_RouterBridge/singletons.cpp.o
 .text._ZN9RPCClient8send_rpcIJRKN7arduino6StringEEEEbS4_RjDpOT_.isra.0
                0x00000000000040f8       0x84 /home/arduino/ArduinoApps/skyguardian2/.cache/sketch/libraries/Arduino_RouterBridge/singletons.cpp.o
 .text._ZN9RPCClient8send_rpcIJRKjEEEbRKN7arduino6StringERjDpOT_.isra.0
                0x000000000000417c       0x84 /home/arduino/ArduinoApps/skyguardian2/.cache/sketch/libraries/Arduino_RouterBridge/singletons.cpp.o
 .text._ZN7arduino7msgpack8Unpacker11deserializeIjJEEEbRT_DpOT0_
                0x0000000000004200       0x40 /home/arduino/ArduinoApps/skyguardian2/.cache/sketch/libraries/Arduino_RouterBridge/singletons.cpp.o
                0x0000000000004200                bool arduino::msgpack::Unpacker::deserialize<unsigned int>(unsigned int&)
 .text._ZN13BridgeMonitorILj512EEcvbEv
                0x0000000000004240      0x28c /home/arduino/ArduinoApps/skyguardian2/.cache/sketch/libraries/Arduino_RouterBridge/singletons.cpp.o
                0x0000000000004240                BridgeMonitor<512u>::operator bool()
 .text._ZN11BridgeClass6notifyIJRN7arduino6StringEEEEvS2_DpOT_
                0x00000000000044cc       0xac /home/arduino/ArduinoApps/skyguardian2/.cache/sketch/libraries/Arduino_RouterBridge/singletons.cpp.o
                0x00000000000044cc                void BridgeClass::notify<arduino::String&>(arduino::String, arduino::String&)
 .text._ZN7RpcCallIJRN7arduino6StringEEE8setErrorEiS1_
                0x0000000000004578       0x40 /home/arduino/ArduinoApps/skyguardian2/.cache/sketch/libraries/Arduino_RouterBridge/singletons.cpp.o
                0x0000000000004578                RpcCall<arduino::String&>::setError(int, arduino::String)
 .text._ZN7RpcCallIJRN7arduino6StringEEED2Ev
                0x00000000000045b8      0x118 /home/arduino/ArduinoApps/skyguardian2/.cache/sketch/libraries/Arduino_RouterBridge/singletons.cpp.o
                0x00000000000045b8                RpcCall<arduino::String&>::~RpcCall()
                0x00000000000045b8                RpcCall<arduino::String&>::~RpcCall()
 .text._ZN10RpcDecoderILj1024EE12get_responseIjEEbjRT_R8RpcError
                0x00000000000046d0      0x17c /home/arduino/ArduinoApps/skyguardian2/.cache/sketch/libraries/Arduino_RouterBridge/singletons.cpp.o
                0x00000000000046d0                bool RpcDecoder<1024u>::get_response<unsigned int>(unsigned int, unsigned int&, RpcError&)
 .text._ZN13BridgeMonitorILj512EE5writeEPKhj
                0x000000000000484c      0x1fc /home/arduino/ArduinoApps/skyguardian2/.cache/sketch/libraries/Arduino_RouterBridge/singletons.cpp.o
                0x000000000000484c                BridgeMonitor<512u>::write(unsigned char const*, unsigned int)
 .text._ZN7RpcCallIJRjEE8setErrorEiN7arduino6StringE
                0x0000000000004a48       0x40 /home/arduino/ArduinoApps/skyguardian2/.cache/sketch/libraries/Arduino_RouterBridge/singletons.cpp.o
                0x0000000000004a48                RpcCall<unsigned int&>::setError(int, arduino::String)
 .text._ZN7RpcCallIJRjEE7isErrorEv
                0x0000000000004a88       0x34 /home/arduino/ArduinoApps/skyguardian2/.cache/sketch/libraries/Arduino_RouterBridge/singletons.cpp.o
                0x0000000000004a88                RpcCall<unsigned int&>::isError()
 .text._ZN7RpcCallIJRjEED2Ev
                0x0000000000004abc      0x118 /home/arduino/ArduinoApps/skyguardian2/.cache/sketch/libraries/Arduino_RouterBridge/singletons.cpp.o
                0x0000000000004abc                RpcCall<unsigned int&>::~RpcCall()
                0x0000000000004abc                RpcCall<unsigned int&>::~RpcCall()
 .text._ZN10RpcDecoderILj1024EE12get_responseISt6vectorIhSaIhEEEEbjRT_R8RpcError
                0x0000000000004bd4      0x17c /home/arduino/ArduinoApps/skyguardian2/.cache/sketch/libraries/Arduino_RouterBridge/singletons.cpp.o
                0x0000000000004bd4                bool RpcDecoder<1024u>::get_response<std::vector<unsigned char, std::allocator<unsigned char> > >(unsigned int, std::vector<unsigned char, std::allocator<unsigned char> >&, RpcError&)
 .text._ZN7RpcCallIJRjEE6resultISt6vectorIhSaIhEEEEbRT_
                0x0000000000004d50      0x134 /home/arduino/ArduinoApps/skyguardian2/.cache/sketch/libraries/Arduino_RouterBridge/singletons.cpp.o
                0x0000000000004d50                bool RpcCall<unsigned int&>::result<std::vector<unsigned char, std::allocator<unsigned char> > >(std::vector<unsigned char, std::allocator<unsigned char> >&)
 .text._ZN13BridgeMonitorILj512EE5_readEj
                0x0000000000004e84      0x120 /home/arduino/ArduinoApps/skyguardian2/.cache/sketch/libraries/Arduino_RouterBridge/singletons.cpp.o
                0x0000000000004e84                BridgeMonitor<512u>::_read(unsigned int)
 .text._ZN13BridgeMonitorILj512EE9availableEv
                0x0000000000004fa4       0x44 /home/arduino/ArduinoApps/skyguardian2/.cache/sketch/libraries/Arduino_RouterBridge/singletons.cpp.o
                0x0000000000004fa4                BridgeMonitor<512u>::available()
 .text._GLOBAL__sub_I_Bridge
                0x0000000000004fe8       0xc0 /home/arduino/ArduinoApps/skyguardian2/.cache/sketch/libraries/Arduino_RouterBridge/singletons.cpp.o
 .text._GLOBAL__sub_D_Bridge
                0x00000000000050a8       0x20 /home/arduino/ArduinoApps/skyguardian2/.cache/sketch/libraries/Arduino_RouterBridge/singletons.cpp.o
 .text._ZN7arduino6Stream9timedReadEv
                0x00000000000050c8       0x2c /home/arduino/ArduinoApps/skyguardian2/.cache/sketch/core/core.a(Stream.cpp.o)
                0x00000000000050c8                arduino::Stream::timedRead()
 .text._ZN7arduino6Stream10setTimeoutEm
                0x00000000000050f4        0x4 /home/arduino/ArduinoApps/skyguardian2/.cache/sketch/core/core.a(Stream.cpp.o)
                0x00000000000050f4                arduino::Stream::setTimeout(unsigned long)
 .text._ZN7arduino6Stream9readBytesEPcj
                0x00000000000050f8       0x2c /home/arduino/ArduinoApps/skyguardian2/.cache/sketch/core/core.a(Stream.cpp.o)
                0x00000000000050f8                arduino::Stream::readBytes(char*, unsigned int)
 .text._ZN7arduino6StringC2EOS0_
                0x0000000000005124       0x16 /home/arduino/ArduinoApps/skyguardian2/.cache/sketch/core/core.a(String.cpp.o)
                0x0000000000005124                arduino::String::String(arduino::String&&)
                0x0000000000005124                arduino::String::String(arduino::String&&)
 *fill*         0x000000000000513a        0x2 
 .text._ZN7arduino6StringD2Ev
                0x000000000000513c       0x14 /home/arduino/ArduinoApps/skyguardian2/.cache/sketch/core/core.a(String.cpp.o)
                0x000000000000513c                arduino::String::~String()
                0x000000000000513c                arduino::String::~String()
 .text._ZN7arduino6String10invalidateEv
                0x0000000000005150       0x1c /home/arduino/ArduinoApps/skyguardian2/.cache/sketch/core/core.a(String.cpp.o)
                0x0000000000005150                arduino::String::invalidate()
 .text._ZN7arduino6String12changeBufferEj
                0x000000000000516c       0x1c /home/arduino/ArduinoApps/skyguardian2/.cache/sketch/core/core.a(String.cpp.o)
                0x000000000000516c                arduino::String::changeBuffer(unsigned int)
 .text._ZN7arduino6String7reserveEj
                0x0000000000005188       0x28 /home/arduino/ArduinoApps/skyguardian2/.cache/sketch/core/core.a(String.cpp.o)
                0x0000000000005188                arduino::String::reserve(unsigned int)
 .text._ZN7arduino6String4copyEPKcj
                0x00000000000051b0       0x3c /home/arduino/ArduinoApps/skyguardian2/.cache/sketch/core/core.a(String.cpp.o)
                0x00000000000051b0                arduino::String::copy(char const*, unsigned int)
 .text._ZN7arduino6StringC2EPKc
                0x00000000000051ec       0x2c /home/arduino/ArduinoApps/skyguardian2/.cache/sketch/core/core.a(String.cpp.o)
                0x00000000000051ec                arduino::String::String(char const*)
                0x00000000000051ec                arduino::String::String(char const*)
 .text._ZN7arduino6String4moveERS0_
                0x0000000000005218       0x2c /home/arduino/ArduinoApps/skyguardian2/.cache/sketch/core/core.a(String.cpp.o)
                0x0000000000005218                arduino::String::move(arduino::String&)
 .text._ZN7arduino6StringaSERKS0_
                0x0000000000005244       0x28 /home/arduino/ArduinoApps/skyguardian2/.cache/sketch/core/core.a(String.cpp.o)
                0x0000000000005244                arduino::String::operator=(arduino::String const&)
 .text._ZN7arduino6StringC2ERKS0_
                0x000000000000526c       0x18 /home/arduino/ArduinoApps/skyguardian2/.cache/sketch/core/core.a(String.cpp.o)
                0x000000000000526c                arduino::String::String(arduino::String const&)
                0x000000000000526c                arduino::String::String(arduino::String const&)
 .text._ZN7arduino6StringaSEOS0_
                0x0000000000005284       0x10 /home/arduino/ArduinoApps/skyguardian2/.cache/sketch/core/core.a(String.cpp.o)
                0x0000000000005284                arduino::String::operator=(arduino::String&&)
 .text._ZN7arduino6StringaSEPKc
                0x0000000000005294       0x30 /home/arduino/ArduinoApps/skyguardian2/.cache/sketch/core/core.a(String.cpp.o)
                0x0000000000005294                arduino::String::operator=(char const*)
 .text._ZN7arduino6StringC2Eih
                0x00000000000052c4       0x2c /home/arduino/ArduinoApps/skyguardian2/.cache/sketch/core/core.a(String.cpp.o)
                0x00000000000052c4                arduino::String::String(int, unsigned char)
                0x00000000000052c4                arduino::String::String(int, unsigned char)
 .text._ZN7arduino6String6concatEPKcj
                0x00000000000052f0       0x40 /home/arduino/ArduinoApps/skyguardian2/.cache/sketch/core/core.a(String.cpp.o)
                0x00000000000052f0                arduino::String::concat(char const*, unsigned int)
 .text._ZN7arduino6String6concatERKS0_
                0x0000000000005330        0xc /home/arduino/ArduinoApps/skyguardian2/.cache/sketch/core/core.a(String.cpp.o)
                0x0000000000005330                arduino::String::concat(arduino::String const&)
 .text._ZN7arduino6String6concatEc
                0x000000000000533c       0x1c /home/arduino/ArduinoApps/skyguardian2/.cache/sketch/core/core.a(String.cpp.o)
                0x000000000000533c                arduino::String::concat(char)
 .text._ZNK7arduino6String9compareToERKS0_
                0x0000000000005358       0x30 /home/arduino/ArduinoApps/skyguardian2/.cache/sketch/core/core.a(String.cpp.o)
                0x0000000000005358                arduino::String::compareTo(arduino::String const&) const
 .text._ZNK7arduino6String6equalsERKS0_
                0x0000000000005388       0x20 /home/arduino/ArduinoApps/skyguardian2/.cache/sketch/core/core.a(String.cpp.o)
                0x0000000000005388                arduino::String::equals(arduino::String const&) const
 .text._ZNK7arduino6String6equalsEPKc
                0x00000000000053a8       0x28 /home/arduino/ArduinoApps/skyguardian2/.cache/sketch/core/core.a(String.cpp.o)
                0x00000000000053a8                arduino::String::equals(char const*) const
 .text.ltoa     0x00000000000053d0       0x80 /home/arduino/ArduinoApps/skyguardian2/.cache/sketch/core/core.a(itoa.cpp.o)
                0x00000000000053d0                ltoa
 .text.itoa     0x0000000000005450        0x8 /home/arduino/ArduinoApps/skyguardian2/.cache/sketch/core/core.a(itoa.cpp.o)
                0x0000000000005450                itoa
 .text.memcpy   0x0000000000005458        0x8 /home/arduino/ArduinoApps/skyguardian2/.cache/sketch/core/core.a(llext_wrappers.c.o)
                0x0000000000005458                memcpy
 .text.memmove  0x0000000000005460        0x8 /home/arduino/ArduinoApps/skyguardian2/.cache/sketch/core/core.a(llext_wrappers.c.o)
                0x0000000000005460                memmove
 .text.strlen   0x0000000000005468        0x8 /home/arduino/ArduinoApps/skyguardian2/.cache/sketch/core/core.a(llext_wrappers.c.o)
                0x0000000000005468                strlen
 .text.strcmp   0x0000000000005470        0x8 /home/arduino/ArduinoApps/skyguardian2/.cache/sketch/core/core.a(llext_wrappers.c.o)
                0x0000000000005470                strcmp
 .text.memset   0x0000000000005478        0x8 /home/arduino/ArduinoApps/skyguardian2/.cache/sketch/core/core.a(llext_wrappers.c.o)
                0x0000000000005478                memset
 .text.malloc   0x0000000000005480        0x8 /home/arduino/ArduinoApps/skyguardian2/.cache/sketch/core/core.a(llext_wrappers.c.o)
                0x0000000000005480                malloc
 .text.realloc  0x0000000000005488        0x8 /home/arduino/ArduinoApps/skyguardian2/.cache/sketch/core/core.a(llext_wrappers.c.o)
                0x0000000000005488                realloc
 .text.free     0x0000000000005490        0x8 /home/arduino/ArduinoApps/skyguardian2/.cache/sketch/core/core.a(llext_wrappers.c.o)
                0x0000000000005490                free
 .text.__aeabi_i2d
                0x0000000000005498        0xa /home/arduino/ArduinoApps/skyguardian2/.cache/sketch/core/core.a(llext_wrappers.c.o)
                0x0000000000005498                __aeabi_i2d
 .text.__aeabi_ui2d
                0x00000000000054a2        0xa /home/arduino/ArduinoApps/skyguardian2/.cache/sketch/core/core.a(llext_wrappers.c.o)
                0x00000000000054a2                __aeabi_ui2d
 .text.__aeabi_l2d
                0x00000000000054ac        0xa /home/arduino/ArduinoApps/skyguardian2/.cache/sketch/core/core.a(llext_wrappers.c.o)
                0x00000000000054ac                __aeabi_l2d
 .text.__aeabi_ul2d
                0x00000000000054b6        0xa /home/arduino/ArduinoApps/skyguardian2/.cache/sketch/core/core.a(llext_wrappers.c.o)
                0x00000000000054b6                __aeabi_ul2d
 .text.__aeabi_d2f
                0x00000000000054c0        0xa /home/arduino/ArduinoApps/skyguardian2/.cache/sketch/core/core.a(llext_wrappers.c.o)
                0x00000000000054c0                __aeabi_d2f
 .text.__aeabi_f2d
                0x00000000000054ca        0xa /home/arduino/ArduinoApps/skyguardian2/.cache/sketch/core/core.a(llext_wrappers.c.o)
                0x00000000000054ca                __aeabi_f2d
 .text.__aeabi_l2f
                0x00000000000054d4        0xa /home/arduino/ArduinoApps/skyguardian2/.cache/sketch/core/core.a(llext_wrappers.c.o)
                0x00000000000054d4                __aeabi_l2f
 .text.__aeabi_ul2f
                0x00000000000054de        0xa /home/arduino/ArduinoApps/skyguardian2/.cache/sketch/core/core.a(llext_wrappers.c.o)
                0x00000000000054de                __aeabi_ul2f
 .text.__aeabi_uldivmod
                0x00000000000054e8        0xa /home/arduino/ArduinoApps/skyguardian2/.cache/sketch/core/core.a(llext_wrappers.c.o)
                0x00000000000054e8                __aeabi_uldivmod
 *fill*         0x00000000000054f2        0x2 
 .text.atexit   0x00000000000054f4        0x8 /home/arduino/ArduinoApps/skyguardian2/.cache/sketch/core/core.a(llext_wrappers.c.o)
                0x00000000000054f4                atexit
 .text.abort    0x00000000000054fc        0xc /home/arduino/ArduinoApps/skyguardian2/.cache/sketch/core/core.a(llext_wrappers.c.o)
                0x00000000000054fc                abort
 .text.initVariant
                0x0000000000005508        0x2 /home/arduino/ArduinoApps/skyguardian2/.cache/sketch/core/core.a(main.cpp.o)
                0x0000000000005508                initVariant
 *fill*         0x000000000000550a        0x2 
 .text.main     0x000000000000550c       0x2c /home/arduino/ArduinoApps/skyguardian2/.cache/sketch/core/core.a(main.cpp.o)
                0x000000000000550c                main
 .text._ZL10new_helperj
                0x0000000000005538       0x10 /home/arduino/ArduinoApps/skyguardian2/.cache/sketch/core/core.a(new.cpp.o)
 .text._Znwj    0x0000000000005548        0x8 /home/arduino/ArduinoApps/skyguardian2/.cache/sketch/core/core.a(new.cpp.o)
                0x0000000000005548                operator new(unsigned int)
 .text._ZnwjPv  0x0000000000005550        0x4 /home/arduino/ArduinoApps/skyguardian2/.cache/sketch/core/core.a(new.cpp.o)
                0x0000000000005550                operator new(unsigned int, void*)
 .text._ZdlPvj  0x0000000000005554        0x8 /home/arduino/ArduinoApps/skyguardian2/.cache/sketch/core/core.a(new.cpp.o)
                0x0000000000005554                operator delete(void*, unsigned int)
 .text._Z20start_static_threadsv
                0x000000000000555c       0x6c /home/arduino/ArduinoApps/skyguardian2/.cache/sketch/core/core.a(threads.cpp.o)
                0x000000000000555c                start_static_threads()
 .text.analogWrite
                0x00000000000055c8      0x15c /home/arduino/ArduinoApps/skyguardian2/.cache/sketch/core/core.a(wiring_analog.cpp.o)
                0x00000000000055c8                analogWrite
 .text.gpio_pin_configure_dt.isra.0
                0x0000000000005724       0x2a /home/arduino/ArduinoApps/skyguardian2/.cache/sketch/core/core.a(wiring_digital.cpp.o)
 *fill*         0x000000000000574e        0x2 
 .text.pinMode  0x0000000000005750       0x40 /home/arduino/ArduinoApps/skyguardian2/.cache/sketch/core/core.a(wiring_digital.cpp.o)
                0x0000000000005750                pinMode
 .text.digitalWrite
                0x0000000000005790       0x3c /home/arduino/ArduinoApps/skyguardian2/.cache/sketch/core/core.a(wiring_digital.cpp.o)
                0x0000000000005790                digitalWrite
 .text.yield    0x00000000000057cc        0x8 /home/arduino/ArduinoApps/skyguardian2/.cache/sketch/core/core.a(zephyrCommon.cpp.o)
                0x00000000000057cc                yield
 .text.millis   0x00000000000057d4       0x18 /home/arduino/ArduinoApps/skyguardian2/.cache/sketch/core/core.a(zephyrCommon.cpp.o)
                0x00000000000057d4                millis
 .text._ZN6zephyr7arduinoL29init_device_with_dependenciesEPK6device
                0x00000000000057ec       0xd4 /home/arduino/ArduinoApps/skyguardian2/.cache/sketch/core/core.a(zephyrPinctrl.cpp.o)
 .text._ZN6zephyr7arduino30init_dev_apply_channel_pinctrlEPK6devicej
                0x00000000000058c0       0x80 /home/arduino/ArduinoApps/skyguardian2/.cache/sketch/core/core.a(zephyrPinctrl.cpp.o)
                0x00000000000058c0                zephyr::arduino::init_dev_apply_channel_pinctrl(device const*, unsigned int)
 .text._ZN6zephyr7arduino22init_dev_apply_pinctrlEPK6device
                0x0000000000005940       0x10 /home/arduino/ArduinoApps/skyguardian2/.cache/sketch/core/core.a(zephyrPinctrl.cpp.o)
                0x0000000000005940                zephyr::arduino::init_dev_apply_pinctrl(device const*)
 .text.z_impl_uart_irq_tx_enable
                0x0000000000005950        0xa /home/arduino/ArduinoApps/skyguardian2/.cache/sketch/core/core.a(zephyrSerial.cpp.o)
 .text._ZN7arduino12ZephyrSerial5beginEm
                0x000000000000595a        0xa /home/arduino/ArduinoApps/skyguardian2/.cache/sketch/core/core.a(zephyrSerial.cpp.o)
                0x000000000000595a                arduino::ZephyrSerial::begin(unsigned long)
 .text._ZN7arduino12ZephyrSerial5writeEh
                0x0000000000005964       0x18 /home/arduino/ArduinoApps/skyguardian2/.cache/sketch/core/core.a(zephyrSerial.cpp.o)
                0x0000000000005964                arduino::ZephyrSerial::write(unsigned char)
 .text._ZN7arduino12ZephyrSerialcvbEv
                0x000000000000597c        0x4 /home/arduino/ArduinoApps/skyguardian2/.cache/sketch/core/core.a(zephyrSerial.cpp.o)
                0x000000000000597c                arduino::ZephyrSerial::operator bool()
 .text.k_sem_give
                0x0000000000005980        0x8 /home/arduino/ArduinoApps/skyguardian2/.cache/sketch/core/core.a(zephyrSerial.cpp.o)
 .text.k_sem_take.isra.0
                0x0000000000005988        0x8 /home/arduino/ArduinoApps/skyguardian2/.cache/sketch/core/core.a(zephyrSerial.cpp.o)
 .text._ZN7arduino12ZephyrSerial4readEv
                0x0000000000005990       0x48 /home/arduino/ArduinoApps/skyguardian2/.cache/sketch/core/core.a(zephyrSerial.cpp.o)
                0x0000000000005990                arduino::ZephyrSerial::read()
 .text._ZN7arduino12ZephyrSerial4peekEv
                0x00000000000059d8       0x48 /home/arduino/ArduinoApps/skyguardian2/.cache/sketch/core/core.a(zephyrSerial.cpp.o)
                0x00000000000059d8                arduino::ZephyrSerial::peek()
 .text._ZN7arduino12ZephyrSerial17availableForWriteEv
                0x0000000000005a20       0x34 /home/arduino/ArduinoApps/skyguardian2/.cache/sketch/core/core.a(zephyrSerial.cpp.o)
                0x0000000000005a20                arduino::ZephyrSerial::availableForWrite()
 .text._ZN7arduino12ZephyrSerial9availableEv
                0x0000000000005a54       0x34 /home/arduino/ArduinoApps/skyguardian2/.cache/sketch/core/core.a(zephyrSerial.cpp.o)
                0x0000000000005a54                arduino::ZephyrSerial::available()
 .text._ZN7arduino12ZephyrSerial5beginEmt